<html>
<body>
<pre>
<h1>µVision Build Log</h1>
<h2>Tool Versions:</h2>
IDE-Version: µVision V5.13.0.0
Copyright (C) 2014 ARM Ltd and ARM Germany GmbH. All rights reserved.
License Information: a a, a, LIC=----
 
Tool Versions:
Toolchain:       MDK-Lite  Version: 5.13.0.0
Toolchain Path:  C:\Keil_v5\ARM\ARMCC\Bin
C Compiler:      Armcc.exe V5.05 update 1 (build 106)
Assembler:       Armasm.exe V5.05 update 1 (build 106)
Linker/Locator:  ArmLink.exe V5.05 update 1 (build 106)
Library Manager: ArmAr.exe V5.05 update 1 (build 106)
Hex Converter:   FromElf.exe V5.05 update 1 (build 106)
CPU DLL:         SARMCM3.DLL V5.13.0.0
Dialog DLL:      DCM.DLL V1.13.1.0
Target DLL:      STLink\ST-LINKIII-KEIL_SWO.dll V2.0.14.0_KEIL
Dialog DLL:      TCM.DLL V1.14.4.0
 
<h2>Project:</h2>
C:\Users\Euler1\Desktop\CAPSTONE_EVAL1\sense_platform\sense_platform\CS_TEST_EVAL\MDK-ARM\CS_TEST_EVAL.uvprojx
Project File Date:  02/26/2015

<h2>Output:</h2>
Build target 'CS_TEST_EVAL Configuration'
Clean started - Project: 'CS_TEST_EVAL'
   deleting intermediate output files for target 'CS_TEST_EVAL Configuration'
compiling ff_gen_drv.c...
compiling sd_diskio.c...
compiling diskio.c...
compiling ccsbcs.c...
compiling syscall.c...
compiling ff.c...
compiling system_stm32f2xx.c...
compiling stm32f2xx_hal_iwdg.c...
compiling stm32f2xx_hal_rcc.c...
compiling stm32f2xx_hal_wwdg.c...
compiling stm32f2xx_hal_adc.c...
compiling stm32f2xx_hal_rtc_ex.c...
compiling stm32f2xx_hal_dma_ex.c...
compiling stm32f2xx_hal_flash.c...
compiling stm32f2xx_hal_pwr_ex.c...
compiling stm32f2xx_hal_i2c.c...
compiling stm32f2xx_hal_tim_ex.c...
compiling stm32f2xx_hal_dma.c...
compiling stm32f2xx_hal_spi.c...
compiling stm32f2xx_hal_cortex.c...
compiling stm32f2xx_ll_sdmmc.c...
compiling stm32f2xx_hal.c...
compiling stm32f2xx_hal_flash_ex.c...
compiling stm32f2xx_hal_sd.c...
compiling stm32f2xx_hal_rtc.c...
compiling stm32f2xx_hal_gpio.c...
compiling stm32f2xx_hal_adc_ex.c...
compiling stm32f2xx_hal_tim.c...
compiling stm32f2xx_hal_rcc_ex.c...
compiling stm32f2xx_hal_pwr.c...
compiling stm32f2xx_it.c...
compiling bsp_driver_sd.c...
compiling i2c.c...
compiling tim.c...
compiling dma.c...
compiling gpio.c...
compiling rtc.c...
compiling stm32f2xx_hal_msp.c...
compiling sdio.c...
compiling usb_otg.c...
compiling iwdg.c...
compiling main.c...
..\Src\main.c(110): warning:  #177-D: variable "RCC_ClockFreq" was declared but never referenced
        RCC_ClkInitTypeDef RCC_ClockFreq;
..\Src\main.c(111): warning:  #177-D: variable "HSEStartUpStatus" was declared but never referenced
        ErrorStatus HSEStartUpStatus;
..\Src\main.c(112): warning:  #177-D: variable "ADC_InitStructure" was declared but never referenced
        ADC_InitTypeDef ADC_InitStructure;
..\Src\main.c(113): warning:  #177-D: variable "DMA_InitStructure" was declared but never referenced
        DMA_InitTypeDef DMA_InitStructure;
..\Src\main.c(114): warning:  #177-D: variable "I2C_InitStructure" was declared but never referenced
        I2C_InitTypeDef I2C_InitStructure;
..\Src\main.c: 5 warnings, 0 errors
compiling spi.c...
compiling wwdg.c...
compiling adc.c...
assembling startup_stm32f207xx.s...
linking...
Program Size: Code=21304 RO-data=440 RW-data=64 ZI-data=2064  
".\CS_TEST_EVAL Configuration\CS_TEST_EVAL Configuration.axf" - 0 Error(s), 5 Warning(s).

*** Performing Cross-Module-Optimization:
compiling ff_gen_drv.c...
compiling sd_diskio.c...
compiling diskio.c...
compiling ccsbcs.c...
compiling syscall.c...
compiling ff.c...
compiling system_stm32f2xx.c...
compiling stm32f2xx_hal_iwdg.c...
compiling stm32f2xx_hal_rcc.c...
compiling stm32f2xx_hal_wwdg.c...
compiling stm32f2xx_hal_adc.c...
compiling stm32f2xx_hal_rtc_ex.c...
compiling stm32f2xx_hal_dma_ex.c...
compiling stm32f2xx_hal_flash.c...
compiling stm32f2xx_hal_pwr_ex.c...
compiling stm32f2xx_hal_i2c.c...
compiling stm32f2xx_hal_tim_ex.c...
compiling stm32f2xx_hal_dma.c...
compiling stm32f2xx_hal_spi.c...
compiling stm32f2xx_hal_cortex.c...
compiling stm32f2xx_ll_sdmmc.c...
compiling stm32f2xx_hal.c...
compiling stm32f2xx_hal_flash_ex.c...
compiling stm32f2xx_hal_sd.c...
compiling stm32f2xx_hal_rtc.c...
compiling stm32f2xx_hal_gpio.c...
compiling stm32f2xx_hal_adc_ex.c...
compiling stm32f2xx_hal_tim.c...
compiling stm32f2xx_hal_rcc_ex.c...
compiling stm32f2xx_hal_pwr.c...
compiling stm32f2xx_it.c...
compiling bsp_driver_sd.c...
compiling i2c.c...
compiling tim.c...
compiling dma.c...
compiling gpio.c...
compiling rtc.c...
compiling stm32f2xx_hal_msp.c...
compiling sdio.c...
compiling usb_otg.c...
compiling iwdg.c...
compiling main.c...
..\Src\main.c(110): warning:  #177-D: variable "RCC_ClockFreq" was declared but never referenced
        RCC_ClkInitTypeDef RCC_ClockFreq;
..\Src\main.c(111): warning:  #177-D: variable "HSEStartUpStatus" was declared but never referenced
        ErrorStatus HSEStartUpStatus;
..\Src\main.c(112): warning:  #177-D: variable "ADC_InitStructure" was declared but never referenced
        ADC_InitTypeDef ADC_InitStructure;
..\Src\main.c(113): warning:  #177-D: variable "DMA_InitStructure" was declared but never referenced
        DMA_InitTypeDef DMA_InitStructure;
..\Src\main.c(114): warning:  #177-D: variable "I2C_InitStructure" was declared but never referenced
        I2C_InitTypeDef I2C_InitStructure;
..\Src\main.c: 5 warnings, 0 errors
compiling spi.c...
compiling wwdg.c...
compiling adc.c...
linking...
Program Size: Code=21304 RO-data=440 RW-data=64 ZI-data=2064  
".\CS_TEST_EVAL Configuration\CS_TEST_EVAL Configuration.axf" - 0 Error(s), 5 Warning(s).
*** Completed Cross-Module-Optimization after 2 iteration(s).

<h2>Collection of Component include folders:</h2>
  C:\Users\Euler1\Desktop\CAPSTONE_EVAL1\sense_platform\sense_platform\CS_TEST_EVAL\MDK-ARM\RTE
  C:\Keil_v5\ARM\PACK\Keil\STM32F2xx_DFP\2.1.0\Drivers\CMSIS\Device\ST\STM32F2xx\Include

<h2>Collection of Component Files used:</h2>
</pre>
</body>
</html>
