Component: ARM Compiler 5.05 update 1 (build 106) Tool: armlink [4d0efa]

==============================================================================

Section Cross References

    ff_gen_drv.o(i.FATFS_GetAttachedDriversNbr) refers to ff_gen_drv.o(.data) for .data
    ff_gen_drv.o(i.FATFS_LinkDriver) refers to ff_gen_drv.o(.data) for .data
    ff_gen_drv.o(i.FATFS_UnLinkDriver) refers to ff_gen_drv.o(.data) for .data
    sd_diskio.o(i.SD_initialize) refers to bsp_driver_sd.o(i.BSP_SD_Init) for BSP_SD_Init
    sd_diskio.o(i.SD_initialize) refers to sd_diskio.o(.data) for .data
    sd_diskio.o(i.SD_ioctl) refers to bsp_driver_sd.o(i.BSP_SD_GetCardInfo) for BSP_SD_GetCardInfo
    sd_diskio.o(i.SD_ioctl) refers to sd_diskio.o(.data) for .data
    sd_diskio.o(i.SD_read) refers to bsp_driver_sd.o(i.BSP_SD_ReadBlocks_DMA) for BSP_SD_ReadBlocks_DMA
    sd_diskio.o(i.SD_read) refers to bsp_driver_sd.o(i.BSP_SD_GetStatus) for BSP_SD_GetStatus
    sd_diskio.o(i.SD_read) refers to memcpya.o(.text) for __aeabi_memcpy
    sd_diskio.o(i.SD_status) refers to bsp_driver_sd.o(i.BSP_SD_GetStatus) for BSP_SD_GetStatus
    sd_diskio.o(i.SD_status) refers to sd_diskio.o(.data) for .data
    sd_diskio.o(i.SD_write) refers to memcpya.o(.text) for __aeabi_memcpy
    sd_diskio.o(i.SD_write) refers to bsp_driver_sd.o(i.BSP_SD_WriteBlocks_DMA) for BSP_SD_WriteBlocks_DMA
    sd_diskio.o(i.SD_write) refers to bsp_driver_sd.o(i.BSP_SD_GetStatus) for BSP_SD_GetStatus
    sd_diskio.o(.data) refers to sd_diskio.o(i.SD_initialize) for SD_initialize
    sd_diskio.o(.data) refers to sd_diskio.o(i.SD_status) for SD_status
    sd_diskio.o(.data) refers to sd_diskio.o(i.SD_read) for SD_read
    sd_diskio.o(.data) refers to sd_diskio.o(i.SD_write) for SD_write
    sd_diskio.o(.data) refers to sd_diskio.o(i.SD_ioctl) for SD_ioctl
    diskio.o(i.disk_initialize) refers to ff_gen_drv.o(.data) for disk
    diskio.o(i.disk_ioctl) refers to ff_gen_drv.o(.data) for disk
    diskio.o(i.disk_read) refers to ff_gen_drv.o(.data) for disk
    diskio.o(i.disk_status) refers to ff_gen_drv.o(.data) for disk
    diskio.o(i.disk_write) refers to ff_gen_drv.o(.data) for disk
    ccsbcs.o(i.ff_convert) refers to ccsbcs.o(.constdata) for .constdata
    ccsbcs.o(i.ff_wtoupper) refers to ccsbcs.o(.constdata) for .constdata
    syscall.o(i.ff_memalloc) refers to malloc.o(i.malloc) for malloc
    syscall.o(i.ff_memfree) refers to malloc.o(i.free) for free
    ff.o(i.check_fs) refers to ff.o(i.move_window) for move_window
    ff.o(i.chk_lock) refers to ff.o(.bss) for .bss
    ff.o(i.clear_lock) refers to ff.o(.bss) for .bss
    ff.o(i.create_chain) refers to ff.o(i.get_fat) for get_fat
    ff.o(i.create_chain) refers to ff.o(i.put_fat) for put_fat
    ff.o(i.create_name) refers to ccsbcs.o(i.ff_convert) for ff_convert
    ff.o(i.create_name) refers to ff.o(i.chk_chr) for chk_chr
    ff.o(i.create_name) refers to ff.o(i.mem_set) for mem_set
    ff.o(i.create_name) refers to ff.o(.constdata) for .constdata
    ff.o(i.dec_lock) refers to ff.o(.bss) for .bss
    ff.o(i.dir_find) refers to ff.o(i.dir_sdi) for dir_sdi
    ff.o(i.dir_find) refers to ff.o(i.move_window) for move_window
    ff.o(i.dir_find) refers to ccsbcs.o(i.ff_wtoupper) for ff_wtoupper
    ff.o(i.dir_find) refers to ff.o(i.sum_sfn) for sum_sfn
    ff.o(i.dir_find) refers to ff.o(i.dir_next) for dir_next
    ff.o(i.dir_find) refers to ff.o(.constdata) for .constdata
    ff.o(i.dir_next) refers to ff.o(i.get_fat) for get_fat
    ff.o(i.dir_next) refers to ff.o(i.create_chain) for create_chain
    ff.o(i.dir_next) refers to ff.o(i.sync_window) for sync_window
    ff.o(i.dir_next) refers to ff.o(i.mem_set) for mem_set
    ff.o(i.dir_next) refers to ff.o(i.clust2sect) for clust2sect
    ff.o(i.dir_read) refers to ff.o(i.move_window) for move_window
    ff.o(i.dir_read) refers to ff.o(i.dir_next) for dir_next
    ff.o(i.dir_read) refers to ff.o(i.sum_sfn) for sum_sfn
    ff.o(i.dir_read) refers to ff.o(.constdata) for .constdata
    ff.o(i.dir_register) refers to ff.o(i.mem_cpy) for mem_cpy
    ff.o(i.dir_register) refers to ff.o(i.gen_numname) for gen_numname
    ff.o(i.dir_register) refers to ff.o(i.dir_find) for dir_find
    ff.o(i.dir_register) refers to ff.o(i.dir_sdi) for dir_sdi
    ff.o(i.dir_register) refers to ff.o(i.move_window) for move_window
    ff.o(i.dir_register) refers to ff.o(i.dir_next) for dir_next
    ff.o(i.dir_register) refers to ff.o(i.sum_sfn) for sum_sfn
    ff.o(i.dir_register) refers to ff.o(i.mem_set) for mem_set
    ff.o(i.dir_register) refers to ff.o(.constdata) for .constdata
    ff.o(i.dir_remove) refers to ff.o(i.dir_sdi) for dir_sdi
    ff.o(i.dir_remove) refers to ff.o(i.move_window) for move_window
    ff.o(i.dir_remove) refers to ff.o(i.dir_next) for dir_next
    ff.o(i.dir_sdi) refers to ff.o(i.get_fat) for get_fat
    ff.o(i.dir_sdi) refers to ff.o(i.clust2sect) for clust2sect
    ff.o(i.f_chmod) refers to ff.o(i.find_volume) for find_volume
[...]
    Removing stm32f2xx_hal_adc_ex.o(i.HAL_ADCEx_InjectedStop_IT), (40 bytes).
    Removing stm32f2xx_hal_adc_ex.o(i.HAL_ADCEx_MultiModeConfigChannel), (368 bytes).
    Removing stm32f2xx_hal_adc_ex.o(i.HAL_ADCEx_MultiModeGetValue), (12 bytes).
    Removing stm32f2xx_hal_adc_ex.o(i.HAL_ADCEx_MultiModeStart_DMA), (304 bytes).
    Removing stm32f2xx_hal_adc_ex.o(i.HAL_ADCEx_MultiModeStop_DMA), (76 bytes).
    Removing stm32f2xx_hal_tim.o(.rev16_text), (4 bytes).
    Removing stm32f2xx_hal_tim.o(.revsh_text), (4 bytes).
    Removing stm32f2xx_hal_tim.o(i.HAL_TIM_Base_DeInit), (260 bytes).
    Removing stm32f2xx_hal_tim.o(i.HAL_TIM_Base_GetState), (6 bytes).
    Removing stm32f2xx_hal_tim.o(i.HAL_TIM_Base_MspDeInit), (2 bytes).
    Removing stm32f2xx_hal_tim.o(i.HAL_TIM_Base_MspInit), (2 bytes).
    Removing stm32f2xx_hal_tim.o(i.HAL_TIM_Base_Start), (236 bytes).
    Removing stm32f2xx_hal_tim.o(i.HAL_TIM_Base_Start_DMA), (240 bytes).
    Removing stm32f2xx_hal_tim.o(i.HAL_TIM_Base_Start_IT), (232 bytes).
    Removing stm32f2xx_hal_tim.o(i.HAL_TIM_Base_Stop), (252 bytes).
    Removing stm32f2xx_hal_tim.o(i.HAL_TIM_Base_Stop_DMA), (196 bytes).
    Removing stm32f2xx_hal_tim.o(i.HAL_TIM_Base_Stop_IT), (252 bytes).
    Removing stm32f2xx_hal_tim.o(i.HAL_TIM_ConfigClockSource), (1024 bytes).
    Removing stm32f2xx_hal_tim.o(i.HAL_TIM_ConfigOCrefClear), (608 bytes).
    Removing stm32f2xx_hal_tim.o(i.HAL_TIM_ConfigTI1Input), (164 bytes).
    Removing stm32f2xx_hal_tim.o(i.HAL_TIM_DMABurst_ReadStart), (604 bytes).
    Removing stm32f2xx_hal_tim.o(i.HAL_TIM_DMABurst_ReadStop), (92 bytes).
    Removing stm32f2xx_hal_tim.o(i.HAL_TIM_DMABurst_WriteStart), (604 bytes).
    Removing stm32f2xx_hal_tim.o(i.HAL_TIM_DMABurst_WriteStop), (92 bytes).
    Removing stm32f2xx_hal_tim.o(i.HAL_TIM_DMACaptureCplt), (16 bytes).
    Removing stm32f2xx_hal_tim.o(i.HAL_TIM_DMADelayPulseCplt), (16 bytes).
    Removing stm32f2xx_hal_tim.o(i.HAL_TIM_DMAError), (16 bytes).
    Removing stm32f2xx_hal_tim.o(i.HAL_TIM_Encoder_DeInit), (260 bytes).
    Removing stm32f2xx_hal_tim.o(i.HAL_TIM_Encoder_GetState), (6 bytes).
    Removing stm32f2xx_hal_tim.o(i.HAL_TIM_Encoder_Init), (492 bytes).
    Removing stm32f2xx_hal_tim.o(i.HAL_TIM_Encoder_MspDeInit), (2 bytes).
    Removing stm32f2xx_hal_tim.o(i.HAL_TIM_Encoder_MspInit), (2 bytes).
    Removing stm32f2xx_hal_tim.o(i.HAL_TIM_Encoder_Start), (200 bytes).
    Removing stm32f2xx_hal_tim.o(i.HAL_TIM_Encoder_Start_DMA), (416 bytes).
    Removing stm32f2xx_hal_tim.o(i.HAL_TIM_Encoder_Start_IT), (240 bytes).
    Removing stm32f2xx_hal_tim.o(i.HAL_TIM_Encoder_Stop), (216 bytes).
    Removing stm32f2xx_hal_tim.o(i.HAL_TIM_Encoder_Stop_DMA), (244 bytes).
    Removing stm32f2xx_hal_tim.o(i.HAL_TIM_Encoder_Stop_IT), (264 bytes).
    Removing stm32f2xx_hal_tim.o(i.HAL_TIM_ErrorCallback), (2 bytes).
    Removing stm32f2xx_hal_tim.o(i.HAL_TIM_GenerateEvent), (264 bytes).
    Removing stm32f2xx_hal_tim.o(i.HAL_TIM_IC_CaptureCallback), (2 bytes).
    Removing stm32f2xx_hal_tim.o(i.HAL_TIM_IC_DeInit), (260 bytes).
    Removing stm32f2xx_hal_tim.o(i.HAL_TIM_IC_GetState), (6 bytes).
    Removing stm32f2xx_hal_tim.o(i.HAL_TIM_IC_MspDeInit), (2 bytes).
    Removing stm32f2xx_hal_tim.o(i.HAL_TIM_IC_Start), (332 bytes).
    Removing stm32f2xx_hal_tim.o(i.HAL_TIM_IC_Start_DMA), (568 bytes).
    Removing stm32f2xx_hal_tim.o(i.HAL_TIM_IC_Start_IT), (384 bytes).
    Removing stm32f2xx_hal_tim.o(i.HAL_TIM_IC_Stop), (348 bytes).
    Removing stm32f2xx_hal_tim.o(i.HAL_TIM_IC_Stop_DMA), (456 bytes).
    Removing stm32f2xx_hal_tim.o(i.HAL_TIM_IC_Stop_IT), (404 bytes).
    Removing stm32f2xx_hal_tim.o(i.HAL_TIM_IRQHandler), (378 bytes).
    Removing stm32f2xx_hal_tim.o(i.HAL_TIM_OC_ConfigChannel), (588 bytes).
    Removing stm32f2xx_hal_tim.o(i.HAL_TIM_OC_DeInit), (260 bytes).
    Removing stm32f2xx_hal_tim.o(i.HAL_TIM_OC_DelayElapsedCallback), (2 bytes).
    Removing stm32f2xx_hal_tim.o(i.HAL_TIM_OC_GetState), (6 bytes).
    Removing stm32f2xx_hal_tim.o(i.HAL_TIM_OC_Init), (308 bytes).
    Removing stm32f2xx_hal_tim.o(i.HAL_TIM_OC_MspDeInit), (2 bytes).
    Removing stm32f2xx_hal_tim.o(i.HAL_TIM_OC_MspInit), (2 bytes).
    Removing stm32f2xx_hal_tim.o(i.HAL_TIM_OC_Start), (352 bytes).
    Removing stm32f2xx_hal_tim.o(i.HAL_TIM_OC_Start_DMA), (548 bytes).
    Removing stm32f2xx_hal_tim.o(i.HAL_TIM_OC_Start_IT), (408 bytes).
    Removing stm32f2xx_hal_tim.o(i.HAL_TIM_OC_Stop), (384 bytes).
    Removing stm32f2xx_hal_tim.o(i.HAL_TIM_OC_Stop_DMA), (444 bytes).
    Removing stm32f2xx_hal_tim.o(i.HAL_TIM_OC_Stop_IT), (440 bytes).
    Removing stm32f2xx_hal_tim.o(i.HAL_TIM_OnePulse_ConfigChannel), (632 bytes).
    Removing stm32f2xx_hal_tim.o(i.HAL_TIM_OnePulse_DeInit), (260 bytes).
    Removing stm32f2xx_hal_tim.o(i.HAL_TIM_OnePulse_GetState), (6 bytes).
    Removing stm32f2xx_hal_tim.o(i.HAL_TIM_OnePulse_MspDeInit), (2 bytes).
    Removing stm32f2xx_hal_tim.o(i.HAL_TIM_OnePulse_Start), (60 bytes).
    Removing stm32f2xx_hal_tim.o(i.HAL_TIM_OnePulse_Start_IT), (80 bytes).
    Removing stm32f2xx_hal_tim.o(i.HAL_TIM_OnePulse_Stop), (100 bytes).
    Removing stm32f2xx_hal_tim.o(i.HAL_TIM_OnePulse_Stop_IT), (120 bytes).
    Removing stm32f2xx_hal_tim.o(i.HAL_TIM_PWM_ConfigChannel), (676 bytes).
    Removing stm32f2xx_hal_tim.o(i.HAL_TIM_PWM_DeInit), (260 bytes).
    Removing stm32f2xx_hal_tim.o(i.HAL_TIM_PWM_GetState), (6 bytes).
    Removing stm32f2xx_hal_tim.o(i.HAL_TIM_PWM_Init), (308 bytes).
    Removing stm32f2xx_hal_tim.o(i.HAL_TIM_PWM_MspDeInit), (2 bytes).
    Removing stm32f2xx_hal_tim.o(i.HAL_TIM_PWM_MspInit), (2 bytes).
    Removing stm32f2xx_hal_tim.o(i.HAL_TIM_PWM_PulseFinishedCallback), (2 bytes).
    Removing stm32f2xx_hal_tim.o(i.HAL_TIM_PWM_Start), (352 bytes).
    Removing stm32f2xx_hal_tim.o(i.HAL_TIM_PWM_Start_DMA), (548 bytes).
    Removing stm32f2xx_hal_tim.o(i.HAL_TIM_PWM_Start_IT), (408 bytes).
    Removing stm32f2xx_hal_tim.o(i.HAL_TIM_PWM_Stop), (392 bytes).
    Removing stm32f2xx_hal_tim.o(i.HAL_TIM_PWM_Stop_DMA), (444 bytes).
    Removing stm32f2xx_hal_tim.o(i.HAL_TIM_PWM_Stop_IT), (440 bytes).
    Removing stm32f2xx_hal_tim.o(i.HAL_TIM_PeriodElapsedCallback), (2 bytes).
    Removing stm32f2xx_hal_tim.o(i.HAL_TIM_ReadCapturedValue), (380 bytes).
    Removing stm32f2xx_hal_tim.o(i.HAL_TIM_TriggerCallback), (2 bytes).
    Removing stm32f2xx_hal_tim.o(i.TIM_CCxChannelCmd), (240 bytes).
    Removing stm32f2xx_hal_tim.o(i.TIM_DMAPeriodElapsedCplt), (16 bytes).
    Removing stm32f2xx_hal_tim.o(i.TIM_DMATriggerCplt), (16 bytes).
    Removing stm32f2xx_hal_tim.o(i.TIM_ITRx_SetConfig), (16 bytes).
    Removing stm32f2xx_hal_tim.o(i.TIM_OC1_SetConfig), (88 bytes).
    Removing stm32f2xx_hal_tim.o(i.TIM_OC2_SetConfig), (224 bytes).
    Removing stm32f2xx_hal_tim.o(i.TIM_OC3_SetConfig), (224 bytes).
    Removing stm32f2xx_hal_tim.o(i.TIM_OC4_SetConfig), (164 bytes).
    Removing stm32f2xx_hal_rcc_ex.o(.rev16_text), (4 bytes).
    Removing stm32f2xx_hal_rcc_ex.o(.revsh_text), (4 bytes).
    Removing stm32f2xx_hal_rcc_ex.o(i.HAL_RCCEx_GetPeriphCLKConfig), (80 bytes).
    Removing stm32f2xx_hal_pwr.o(.rev16_text), (4 bytes).
    Removing stm32f2xx_hal_pwr.o(.revsh_text), (4 bytes).
    Removing stm32f2xx_hal_pwr.o(i.HAL_PWR_DeInit), (24 bytes).
    Removing stm32f2xx_hal_pwr.o(i.HAL_PWR_DisableBkUpAccess), (12 bytes).
    Removing stm32f2xx_hal_pwr.o(i.HAL_PWR_DisablePVD), (12 bytes).
    Removing stm32f2xx_hal_pwr.o(i.HAL_PWR_DisableWakeUpPin), (88 bytes).
    Removing stm32f2xx_hal_pwr.o(i.HAL_PWR_EnableBkUpAccess), (12 bytes).
    Removing stm32f2xx_hal_pwr.o(i.HAL_PWR_EnablePVD), (12 bytes).
    Removing stm32f2xx_hal_pwr.o(i.HAL_PWR_EnableWakeUpPin), (88 bytes).
    Removing stm32f2xx_hal_pwr.o(i.HAL_PWR_EnterSLEEPMode), (128 bytes).
    Removing stm32f2xx_hal_pwr.o(i.HAL_PWR_EnterSTANDBYMode), (40 bytes).
    Removing stm32f2xx_hal_pwr.o(i.HAL_PWR_EnterSTOPMode), (148 bytes).
    Removing stm32f2xx_hal_pwr.o(i.HAL_PWR_PVDCallback), (2 bytes).
    Removing stm32f2xx_hal_pwr.o(i.HAL_PWR_PVDConfig), (236 bytes).
    Removing stm32f2xx_hal_pwr.o(i.HAL_PWR_PVD_IRQHandler), (28 bytes).
    Removing stm32f2xx_it.o(.rev16_text), (4 bytes).
    Removing stm32f2xx_it.o(.revsh_text), (4 bytes).
    Removing bsp_driver_sd.o(.rev16_text), (4 bytes).
    Removing bsp_driver_sd.o(.revsh_text), (4 bytes).
    Removing bsp_driver_sd.o(i.BSP_SD_DMA_Rx_IRQHandler), (12 bytes).
    Removing bsp_driver_sd.o(i.BSP_SD_DMA_Tx_IRQHandler), (12 bytes).
    Removing bsp_driver_sd.o(i.BSP_SD_DetectCallback), (2 bytes).
    Removing bsp_driver_sd.o(i.BSP_SD_DetectIT), (2 bytes).
    Removing bsp_driver_sd.o(i.BSP_SD_Erase), (28 bytes).
    Removing bsp_driver_sd.o(i.BSP_SD_IRQHandler), (12 bytes).
    Removing bsp_driver_sd.o(i.BSP_SD_ITConfig), (4 bytes).
    Removing bsp_driver_sd.o(i.BSP_SD_IsDetected), (14 bytes).
    Removing bsp_driver_sd.o(i.BSP_SD_ReadBlocks), (32 bytes).
    Removing bsp_driver_sd.o(i.BSP_SD_WriteBlocks), (32 bytes).
    Removing i2c.o(.rev16_text), (4 bytes).
    Removing i2c.o(.revsh_text), (4 bytes).
    Removing i2c.o(i.HAL_I2C_MspDeInit), (92 bytes).
    Removing tim.o(.rev16_text), (4 bytes).
    Removing tim.o(.revsh_text), (4 bytes).
    Removing tim.o(i.HAL_TIM_Base_MspDeInit), (68 bytes).
    Removing dma.o(.rev16_text), (4 bytes).
    Removing dma.o(.revsh_text), (4 bytes).
    Removing gpio.o(.rev16_text), (4 bytes).
    Removing gpio.o(.revsh_text), (4 bytes).
    Removing rtc.o(.rev16_text), (4 bytes).
    Removing rtc.o(.revsh_text), (4 bytes).
    Removing rtc.o(i.HAL_RTC_MspDeInit), (32 bytes).
    Removing stm32f2xx_hal_msp.o(.rev16_text), (4 bytes).
    Removing stm32f2xx_hal_msp.o(.revsh_text), (4 bytes).
    Removing sdio.o(.rev16_text), (4 bytes).
    Removing sdio.o(.revsh_text), (4 bytes).
    Removing sdio.o(i.HAL_SD_MspDeInit), (76 bytes).
    Removing usb_otg.o(.rev16_text), (4 bytes).
    Removing usb_otg.o(.revsh_text), (4 bytes).
    Removing iwdg.o(.rev16_text), (4 bytes).
    Removing iwdg.o(.revsh_text), (4 bytes).
    Removing main.o(.rev16_text), (4 bytes).
    Removing main.o(.revsh_text), (4 bytes).
    Removing spi.o(.rev16_text), (4 bytes).
    Removing spi.o(.revsh_text), (4 bytes).
    Removing spi.o(i.HAL_SPI_MspDeInit), (40 bytes).
    Removing wwdg.o(.rev16_text), (4 bytes).
    Removing wwdg.o(.revsh_text), (4 bytes).
    Removing wwdg.o(i.HAL_WWDG_MspDeInit), (28 bytes).
    Removing adc.o(.rev16_text), (4 bytes).
    Removing adc.o(.revsh_text), (4 bytes).
    Removing adc.o(i.HAL_ADC_MspDeInit), (108 bytes).
    Removing startup_stm32f207xx.o(HEAP), (512 bytes).

578 unused section(s) (total 82722 bytes) removed from the image.

==============================================================================

Image Symbol Table

    Local Symbols

    Symbol Name                              Value     Ov Type        Size  Object(Section)

    ../clib/microlib/init/entry.s            0x00000000   Number         0  entry8a.o ABSOLUTE
    ../clib/microlib/init/entry.s            0x00000000   Number         0  entry9a.o ABSOLUTE
    ../clib/microlib/init/entry.s            0x00000000   Number         0  entry7b.o ABSOLUTE
    ../clib/microlib/init/entry.s            0x00000000   Number         0  entry7a.o ABSOLUTE
    ../clib/microlib/init/entry.s            0x00000000   Number         0  entry5.o ABSOLUTE
    ../clib/microlib/init/entry.s            0x00000000   Number         0  entry2.o ABSOLUTE
    ../clib/microlib/init/entry.s            0x00000000   Number         0  entry9b.o ABSOLUTE
    ../clib/microlib/init/entry.s            0x00000000   Number         0  entry10a.o ABSOLUTE
    ../clib/microlib/init/entry.s            0x00000000   Number         0  entry11a.o ABSOLUTE
    ../clib/microlib/init/entry.s            0x00000000   Number         0  entry11b.o ABSOLUTE
    ../clib/microlib/init/entry.s            0x00000000   Number         0  entry10b.o ABSOLUTE
    ../clib/microlib/init/entry.s            0x00000000   Number         0  entry.o ABSOLUTE
    ../clib/microlib/init/entry.s            0x00000000   Number         0  entry8b.o ABSOLUTE
    ../clib/microlib/malloc/malloc.c         0x00000000   Number         0  malloca.o ABSOLUTE
    ../clib/microlib/malloc/malloc.c         0x00000000   Number         0  mallocra.o ABSOLUTE
    ../clib/microlib/malloc/malloc.c         0x00000000   Number         0  mallocr.o ABSOLUTE
    ../clib/microlib/malloc/malloc.c         0x00000000   Number         0  malloc.o ABSOLUTE
    ../clib/microlib/malloc/mvars.c          0x00000000   Number         0  mvars.o ABSOLUTE
    ../clib/microlib/string/memcpy.c         0x00000000   Number         0  memcpyb.o ABSOLUTE
    ../clib/microlib/string/memcpy.c         0x00000000   Number         0  memcpya.o ABSOLUTE
    ../clib/microlib/string/memset.c         0x00000000   Number         0  memseta.o ABSOLUTE
    ..\Drivers\CMSIS\Device\ST\STM32F2xx\Source\Templates\arm\startup_stm32f207xx.s 0x00000000   Number         0  startup_stm32f207xx.o ABSOLUTE
    ..\Drivers\CMSIS\Device\ST\STM32F2xx\Source\Templates\system_stm32f2xx.c 0x00000000   Number         0  system_stm32f2xx.o ABSOLUTE
    ..\Drivers\STM32F2xx_HAL_Driver\Src\stm32f2xx_hal.c 0x00000000   Number         0  stm32f2xx_hal.o ABSOLUTE
    ..\Drivers\STM32F2xx_HAL_Driver\Src\stm32f2xx_hal_adc.c 0x00000000   Number         0  stm32f2xx_hal_adc.o ABSOLUTE
    ..\Drivers\STM32F2xx_HAL_Driver\Src\stm32f2xx_hal_adc_ex.c 0x00000000   Number         0  stm32f2xx_hal_adc_ex.o ABSOLUTE
    ..\Drivers\STM32F2xx_HAL_Driver\Src\stm32f2xx_hal_cortex.c 0x00000000   Number         0  stm32f2xx_hal_cortex.o ABSOLUTE
    ..\Drivers\STM32F2xx_HAL_Driver\Src\stm32f2xx_hal_dma.c 0x00000000   Number         0  stm32f2xx_hal_dma.o ABSOLUTE
    ..\Drivers\STM32F2xx_HAL_Driver\Src\stm32f2xx_hal_dma_ex.c 0x00000000   Number         0  stm32f2xx_hal_dma_ex.o ABSOLUTE
    ..\Drivers\STM32F2xx_HAL_Driver\Src\stm32f2xx_hal_flash.c 0x00000000   Number         0  stm32f2xx_hal_flash.o ABSOLUTE
    ..\Drivers\STM32F2xx_HAL_Driver\Src\stm32f2xx_hal_flash_ex.c 0x00000000   Number         0  stm32f2xx_hal_flash_ex.o ABSOLUTE
    ..\Drivers\STM32F2xx_HAL_Driver\Src\stm32f2xx_hal_gpio.c 0x00000000   Number         0  stm32f2xx_hal_gpio.o ABSOLUTE
    ..\Drivers\STM32F2xx_HAL_Driver\Src\stm32f2xx_hal_i2c.c 0x00000000   Number         0  stm32f2xx_hal_i2c.o ABSOLUTE
    ..\Drivers\STM32F2xx_HAL_Driver\Src\stm32f2xx_hal_iwdg.c 0x00000000   Number         0  stm32f2xx_hal_iwdg.o ABSOLUTE
    ..\Drivers\STM32F2xx_HAL_Driver\Src\stm32f2xx_hal_pwr.c 0x00000000   Number         0  stm32f2xx_hal_pwr.o ABSOLUTE
    ..\Drivers\STM32F2xx_HAL_Driver\Src\stm32f2xx_hal_pwr_ex.c 0x00000000   Number         0  stm32f2xx_hal_pwr_ex.o ABSOLUTE
    ..\Drivers\STM32F2xx_HAL_Driver\Src\stm32f2xx_hal_rcc.c 0x00000000   Number         0  stm32f2xx_hal_rcc.o ABSOLUTE
    ..\Drivers\STM32F2xx_HAL_Driver\Src\stm32f2xx_hal_rcc_ex.c 0x00000000   Number         0  stm32f2xx_hal_rcc_ex.o ABSOLUTE
    ..\Drivers\STM32F2xx_HAL_Driver\Src\stm32f2xx_hal_rtc.c 0x00000000   Number         0  stm32f2xx_hal_rtc.o ABSOLUTE
    ..\Drivers\STM32F2xx_HAL_Driver\Src\stm32f2xx_hal_rtc_ex.c 0x00000000   Number         0  stm32f2xx_hal_rtc_ex.o ABSOLUTE
    ..\Drivers\STM32F2xx_HAL_Driver\Src\stm32f2xx_hal_sd.c 0x00000000   Number         0  stm32f2xx_hal_sd.o ABSOLUTE
    ..\Drivers\STM32F2xx_HAL_Driver\Src\stm32f2xx_hal_spi.c 0x00000000   Number         0  stm32f2xx_hal_spi.o ABSOLUTE
    ..\Drivers\STM32F2xx_HAL_Driver\Src\stm32f2xx_hal_tim.c 0x00000000   Number         0  stm32f2xx_hal_tim.o ABSOLUTE
    ..\Drivers\STM32F2xx_HAL_Driver\Src\stm32f2xx_hal_tim_ex.c 0x00000000   Number         0  stm32f2xx_hal_tim_ex.o ABSOLUTE
    ..\Drivers\STM32F2xx_HAL_Driver\Src\stm32f2xx_hal_wwdg.c 0x00000000   Number         0  stm32f2xx_hal_wwdg.o ABSOLUTE
    ..\Drivers\STM32F2xx_HAL_Driver\Src\stm32f2xx_ll_sdmmc.c 0x00000000   Number         0  stm32f2xx_ll_sdmmc.o ABSOLUTE
    ..\Middlewares\Third_Party\FatFs\src\diskio.c 0x00000000   Number         0  diskio.o ABSOLUTE
    ..\Middlewares\Third_Party\FatFs\src\drivers\sd_diskio.c 0x00000000   Number         0  sd_diskio.o ABSOLUTE
    ..\Middlewares\Third_Party\FatFs\src\ff.c 0x00000000   Number         0  ff.o ABSOLUTE
    ..\Middlewares\Third_Party\FatFs\src\ff_gen_drv.c 0x00000000   Number         0  ff_gen_drv.o ABSOLUTE
    ..\Middlewares\Third_Party\FatFs\src\option\ccsbcs.c 0x00000000   Number         0  ccsbcs.o ABSOLUTE
    ..\Middlewares\Third_Party\FatFs\src\option\syscall.c 0x00000000   Number         0  syscall.o ABSOLUTE
    ..\Src\adc.c                             0x00000000   Number         0  adc.o ABSOLUTE
    ..\Src\bsp_driver_sd.c                   0x00000000   Number         0  bsp_driver_sd.o ABSOLUTE
    ..\Src\dma.c                             0x00000000   Number         0  dma.o ABSOLUTE
    ..\Src\gpio.c                            0x00000000   Number         0  gpio.o ABSOLUTE
    ..\Src\i2c.c                             0x00000000   Number         0  i2c.o ABSOLUTE
    ..\Src\iwdg.c                            0x00000000   Number         0  iwdg.o ABSOLUTE
    ..\Src\main.c                            0x00000000   Number         0  main.o ABSOLUTE
    ..\Src\rtc.c                             0x00000000   Number         0  rtc.o ABSOLUTE
    ..\Src\sdio.c                            0x00000000   Number         0  sdio.o ABSOLUTE
    ..\Src\spi.c                             0x00000000   Number         0  spi.o ABSOLUTE
    ..\Src\stm32f2xx_hal_msp.c               0x00000000   Number         0  stm32f2xx_hal_msp.o ABSOLUTE
    ..\Src\stm32f2xx_it.c                    0x00000000   Number         0  stm32f2xx_it.o ABSOLUTE
    ..\Src\tim.c                             0x00000000   Number         0  tim.o ABSOLUTE
    ..\Src\usb_otg.c                         0x00000000   Number         0  usb_otg.o ABSOLUTE
    ..\Src\wwdg.c                            0x00000000   Number         0  wwdg.o ABSOLUTE
    ..\\Drivers\\CMSIS\\Device\\ST\\STM32F2xx\\Source\\Templates\\system_stm32f2xx.c 0x00000000   Number         0  system_stm32f2xx.o ABSOLUTE
    ..\\Drivers\\STM32F2xx_HAL_Driver\\Src\\stm32f2xx_hal.c 0x00000000   Number         0  stm32f2xx_hal.o ABSOLUTE
    ..\\Drivers\\STM32F2xx_HAL_Driver\\Src\\stm32f2xx_hal_adc.c 0x00000000   Number         0  stm32f2xx_hal_adc.o ABSOLUTE
    ..\\Drivers\\STM32F2xx_HAL_Driver\\Src\\stm32f2xx_hal_adc_ex.c 0x00000000   Number         0  stm32f2xx_hal_adc_ex.o ABSOLUTE
    ..\\Drivers\\STM32F2xx_HAL_Driver\\Src\\stm32f2xx_hal_cortex.c 0x00000000   Number         0  stm32f2xx_hal_cortex.o ABSOLUTE
    ..\\Drivers\\STM32F2xx_HAL_Driver\\Src\\stm32f2xx_hal_dma.c 0x00000000   Number         0  stm32f2xx_hal_dma.o ABSOLUTE
    ..\\Drivers\\STM32F2xx_HAL_Driver\\Src\\stm32f2xx_hal_dma_ex.c 0x00000000   Number         0  stm32f2xx_hal_dma_ex.o ABSOLUTE
    ..\\Drivers\\STM32F2xx_HAL_Driver\\Src\\stm32f2xx_hal_flash.c 0x00000000   Number         0  stm32f2xx_hal_flash.o ABSOLUTE
    ..\\Drivers\\STM32F2xx_HAL_Driver\\Src\\stm32f2xx_hal_flash_ex.c 0x00000000   Number         0  stm32f2xx_hal_flash_ex.o ABSOLUTE
    ..\\Drivers\\STM32F2xx_HAL_Driver\\Src\\stm32f2xx_hal_gpio.c 0x00000000   Number         0  stm32f2xx_hal_gpio.o ABSOLUTE
    ..\\Drivers\\STM32F2xx_HAL_Driver\\Src\\stm32f2xx_hal_i2c.c 0x00000000   Number         0  stm32f2xx_hal_i2c.o ABSOLUTE
    ..\\Drivers\\STM32F2xx_HAL_Driver\\Src\\stm32f2xx_hal_iwdg.c 0x00000000   Number         0  stm32f2xx_hal_iwdg.o ABSOLUTE
    ..\\Drivers\\STM32F2xx_HAL_Driver\\Src\\stm32f2xx_hal_pwr.c 0x00000000   Number         0  stm32f2xx_hal_pwr.o ABSOLUTE
    ..\\Drivers\\STM32F2xx_HAL_Driver\\Src\\stm32f2xx_hal_pwr_ex.c 0x00000000   Number         0  stm32f2xx_hal_pwr_ex.o ABSOLUTE
    ..\\Drivers\\STM32F2xx_HAL_Driver\\Src\\stm32f2xx_hal_rcc.c 0x00000000   Number         0  stm32f2xx_hal_rcc.o ABSOLUTE
    ..\\Drivers\\STM32F2xx_HAL_Driver\\Src\\stm32f2xx_hal_rcc_ex.c 0x00000000   Number         0  stm32f2xx_hal_rcc_ex.o ABSOLUTE
    ..\\Drivers\\STM32F2xx_HAL_Driver\\Src\\stm32f2xx_hal_rtc.c 0x00000000   Number         0  stm32f2xx_hal_rtc.o ABSOLUTE
    ..\\Drivers\\STM32F2xx_HAL_Driver\\Src\\stm32f2xx_hal_rtc_ex.c 0x00000000   Number         0  stm32f2xx_hal_rtc_ex.o ABSOLUTE
    ..\\Drivers\\STM32F2xx_HAL_Driver\\Src\\stm32f2xx_hal_sd.c 0x00000000   Number         0  stm32f2xx_hal_sd.o ABSOLUTE
    ..\\Drivers\\STM32F2xx_HAL_Driver\\Src\\stm32f2xx_hal_spi.c 0x00000000   Number         0  stm32f2xx_hal_spi.o ABSOLUTE
    ..\\Drivers\\STM32F2xx_HAL_Driver\\Src\\stm32f2xx_hal_tim.c 0x00000000   Number         0  stm32f2xx_hal_tim.o ABSOLUTE
    ..\\Drivers\\STM32F2xx_HAL_Driver\\Src\\stm32f2xx_hal_tim_ex.c 0x00000000   Number         0  stm32f2xx_hal_tim_ex.o ABSOLUTE
    ..\\Drivers\\STM32F2xx_HAL_Driver\\Src\\stm32f2xx_hal_wwdg.c 0x00000000   Number         0  stm32f2xx_hal_wwdg.o ABSOLUTE
    ..\\Drivers\\STM32F2xx_HAL_Driver\\Src\\stm32f2xx_ll_sdmmc.c 0x00000000   Number         0  stm32f2xx_ll_sdmmc.o ABSOLUTE
    ..\\Middlewares\\Third_Party\\FatFs\\src\\diskio.c 0x00000000   Number         0  diskio.o ABSOLUTE
    ..\\Middlewares\\Third_Party\\FatFs\\src\\drivers\\sd_diskio.c 0x00000000   Number         0  sd_diskio.o ABSOLUTE
    ..\\Middlewares\\Third_Party\\FatFs\\src\\ff.c 0x00000000   Number         0  ff.o ABSOLUTE
    ..\\Middlewares\\Third_Party\\FatFs\\src\\ff_gen_drv.c 0x00000000   Number         0  ff_gen_drv.o ABSOLUTE
    ..\\Middlewares\\Third_Party\\FatFs\\src\\option\\ccsbcs.c 0x00000000   Number         0  ccsbcs.o ABSOLUTE
    ..\\Middlewares\\Third_Party\\FatFs\\src\\option\\syscall.c 0x00000000   Number         0  syscall.o ABSOLUTE
    ..\\Src\\adc.c                           0x00000000   Number         0  adc.o ABSOLUTE
    ..\\Src\\bsp_driver_sd.c                 0x00000000   Number         0  bsp_driver_sd.o ABSOLUTE
    ..\\Src\\dma.c                           0x00000000   Number         0  dma.o ABSOLUTE
    ..\\Src\\gpio.c                          0x00000000   Number         0  gpio.o ABSOLUTE
    ..\\Src\\i2c.c                           0x00000000   Number         0  i2c.o ABSOLUTE
    ..\\Src\\iwdg.c                          0x00000000   Number         0  iwdg.o ABSOLUTE
    ..\\Src\\main.c                          0x00000000   Number         0  main.o ABSOLUTE
    ..\\Src\\rtc.c                           0x00000000   Number         0  rtc.o ABSOLUTE
    ..\\Src\\sdio.c                          0x00000000   Number         0  sdio.o ABSOLUTE
    ..\\Src\\spi.c                           0x00000000   Number         0  spi.o ABSOLUTE
    ..\\Src\\stm32f2xx_hal_msp.c             0x00000000   Number         0  stm32f2xx_hal_msp.o ABSOLUTE
    ..\\Src\\stm32f2xx_it.c                  0x00000000   Number         0  stm32f2xx_it.o ABSOLUTE
    ..\\Src\\tim.c                           0x00000000   Number         0  tim.o ABSOLUTE
    ..\\Src\\usb_otg.c                       0x00000000   Number         0  usb_otg.o ABSOLUTE
    ..\\Src\\wwdg.c                          0x00000000   Number         0  wwdg.o ABSOLUTE
    dc.s                                     0x00000000   Number         0  dc.o ABSOLUTE
    handlers.s                               0x00000000   Number         0  handlers.o ABSOLUTE
    init.s                                   0x00000000   Number         0  init.o ABSOLUTE
    RESET                                    0x08000000   Section      392  startup_stm32f207xx.o(RESET)
    .ARM.Collect$$$$00000000                 0x08000188   Section        0  entry.o(.ARM.Collect$$$$00000000)
    .ARM.Collect$$$$00000001                 0x08000188   Section        4  entry2.o(.ARM.Collect$$$$00000001)
    .ARM.Collect$$$$00000004                 0x0800018c   Section        4  entry5.o(.ARM.Collect$$$$00000004)
    .ARM.Collect$$$$00000008                 0x08000190   Section        0  entry7b.o(.ARM.Collect$$$$00000008)
    .ARM.Collect$$$$0000000A                 0x08000190   Section        0  entry8b.o(.ARM.Collect$$$$0000000A)
    .ARM.Collect$$$$0000000B                 0x08000190   Section        8  entry9a.o(.ARM.Collect$$$$0000000B)
    .ARM.Collect$$$$0000000D                 0x08000198   Section        0  entry10a.o(.ARM.Collect$$$$0000000D)
    .ARM.Collect$$$$0000000F                 0x08000198   Section        0  entry11a.o(.ARM.Collect$$$$0000000F)
    .ARM.Collect$$$$00002712                 0x08000198   Section        4  entry2.o(.ARM.Collect$$$$00002712)
    __lit__00000000                          0x08000198   Data           4  entry2.o(.ARM.Collect$$$$00002712)
    .text                                    0x0800019c   Section       36  startup_stm32f207xx.o(.text)
    .text                                    0x080001c0   Section        0  memcpya.o(.text)
    .text                                    0x080001e4   Section       36  init.o(.text)
    i.ADC_Init                               0x08000208   Section        0  stm32f2xx_hal_adc.o(i.ADC_Init)
    ADC_Init                                 0x08000209   Thumb Code   296  stm32f2xx_hal_adc.o(i.ADC_Init)
    i.BSP_SD_GetCardInfo                     0x08000374   Section        0  bsp_driver_sd.o(i.BSP_SD_GetCardInfo)
    i.BSP_SD_GetStatus                       0x08000380   Section        0  bsp_driver_sd.o(i.BSP_SD_GetStatus)
    i.BSP_SD_Init                            0x0800038c   Section        0  bsp_driver_sd.o(i.BSP_SD_Init)
    i.BSP_SD_ReadBlocks_DMA                  0x080003dc   Section        0  bsp_driver_sd.o(i.BSP_SD_ReadBlocks_DMA)
    i.BSP_SD_WriteBlocks_DMA                 0x0800040c   Section        0  bsp_driver_sd.o(i.BSP_SD_WriteBlocks_DMA)
    i.DMA_SetConfig                          0x0800043c   Section        0  stm32f2xx_hal_dma.o(i.DMA_SetConfig)
    DMA_SetConfig                            0x0800043d   Thumb Code    30  stm32f2xx_hal_dma.o(i.DMA_SetConfig)
    i.FATFS_LinkDriver                       0x0800045c   Section        0  ff_gen_drv.o(i.FATFS_LinkDriver)
    i.HAL_ADC_ConfigChannel                  0x0800048c   Section        0  stm32f2xx_hal_adc.o(i.HAL_ADC_ConfigChannel)
    i.HAL_ADC_GetValue                       0x08000678   Section        0  stm32f2xx_hal_adc.o(i.HAL_ADC_GetValue)
    i.HAL_ADC_Init                           0x08000680   Section        0  stm32f2xx_hal_adc.o(i.HAL_ADC_Init)
    i.HAL_ADC_MspInit                        0x08000850   Section        0  adc.o(i.HAL_ADC_MspInit)
    i.HAL_ADC_PollForConversion              0x080008fc   Section        0  stm32f2xx_hal_adc.o(i.HAL_ADC_PollForConversion)
    i.HAL_ADC_Start                          0x08000944   Section        0  stm32f2xx_hal_adc.o(i.HAL_ADC_Start)
    i.HAL_DMA_Init                           0x08000a28   Section        0  stm32f2xx_hal_dma.o(i.HAL_DMA_Init)
    i.HAL_DMA_Start_IT                       0x08000ca4   Section        0  stm32f2xx_hal_dma.o(i.HAL_DMA_Start_IT)
    i.HAL_GPIO_Init                          0x08000d6c   Section        0  stm32f2xx_hal_gpio.o(i.HAL_GPIO_Init)
    i.HAL_GPIO_WritePin                      0x08001070   Section        0  stm32f2xx_hal_gpio.o(i.HAL_GPIO_WritePin)
    i.HAL_GetTick                            0x08001128   Section        0  stm32f2xx_hal.o(i.HAL_GetTick)
    i.HAL_I2C_Init                           0x08001134   Section        0  stm32f2xx_hal_i2c.o(i.HAL_I2C_Init)
    i.HAL_I2C_MspInit                        0x08001330   Section        0  i2c.o(i.HAL_I2C_MspInit)
    i.HAL_IWDG_Init                          0x080013c8   Section        0  stm32f2xx_hal_iwdg.o(i.HAL_IWDG_Init)
    i.HAL_IWDG_MspInit                       0x08001484   Section        0  iwdg.o(i.HAL_IWDG_MspInit)
    i.HAL_IncTick                            0x08001488   Section        0  stm32f2xx_hal.o(i.HAL_IncTick)
    i.HAL_Init                               0x08001498   Section        0  stm32f2xx_hal.o(i.HAL_Init)
    i.HAL_MspInit                            0x080014d0   Section        0  stm32f2xx_hal_msp.o(i.HAL_MspInit)
    i.HAL_NVIC_EnableIRQ                     0x080014e6   Section        0  stm32f2xx_hal_cortex.o(i.HAL_NVIC_EnableIRQ)
    i.HAL_NVIC_SetPriority                   0x080014fc   Section        0  stm32f2xx_hal_cortex.o(i.HAL_NVIC_SetPriority)
    i.HAL_NVIC_SetPriorityGrouping           0x0800159c   Section        0  stm32f2xx_hal_cortex.o(i.HAL_NVIC_SetPriorityGrouping)
    i.HAL_RCCEx_PeriphCLKConfig              0x0800161c   Section        0  stm32f2xx_hal_rcc_ex.o(i.HAL_RCCEx_PeriphCLKConfig)
    i.HAL_RCC_ClockConfig                    0x080017d0   Section        0  stm32f2xx_hal_rcc.o(i.HAL_RCC_ClockConfig)
    i.HAL_RCC_GetHCLKFreq                    0x08001af0   Section        0  stm32f2xx_hal_rcc.o(i.HAL_RCC_GetHCLKFreq)
    i.HAL_RCC_GetPCLK1Freq                   0x08001b24   Section        0  stm32f2xx_hal_rcc.o(i.HAL_RCC_GetPCLK1Freq)
    i.HAL_RCC_GetSysClockFreq                0x08001b50   Section        0  stm32f2xx_hal_rcc.o(i.HAL_RCC_GetSysClockFreq)
    i.HAL_RCC_OscConfig                      0x08001bd4   Section        0  stm32f2xx_hal_rcc.o(i.HAL_RCC_OscConfig)
    i.HAL_RTCEx_AlarmBEventCallback          0x08002018   Section        0  stm32f2xx_hal_rtc_ex.o(i.HAL_RTCEx_AlarmBEventCallback)
    i.HAL_RTCEx_SetCalibrationOutPut         0x0800201a   Section        0  stm32f2xx_hal_rtc_ex.o(i.HAL_RTCEx_SetCalibrationOutPut)
    i.HAL_RTC_AlarmAEventCallback            0x08002052   Section        0  stm32f2xx_hal_rtc.o(i.HAL_RTC_AlarmAEventCallback)
    i.HAL_RTC_AlarmIRQHandler                0x08002054   Section        0  stm32f2xx_hal_rtc.o(i.HAL_RTC_AlarmIRQHandler)
    i.HAL_RTC_Init                           0x080020b0   Section        0  stm32f2xx_hal_rtc.o(i.HAL_RTC_Init)
    i.HAL_RTC_MspInit                        0x080021f0   Section        0  rtc.o(i.HAL_RTC_MspInit)
    i.HAL_RTC_SetAlarm_IT                    0x08002220   Section        0  stm32f2xx_hal_rtc.o(i.HAL_RTC_SetAlarm_IT)
    i.HAL_RTC_SetDate                        0x08002544   Section        0  stm32f2xx_hal_rtc.o(i.HAL_RTC_SetDate)
    i.HAL_RTC_SetTime                        0x080026f0   Section        0  stm32f2xx_hal_rtc.o(i.HAL_RTC_SetTime)
    i.HAL_RTC_WaitForSynchro                 0x080028fc   Section        0  stm32f2xx_hal_rtc.o(i.HAL_RTC_WaitForSynchro)
    i.HAL_SD_CheckReadOperation              0x0800292c   Section        0  stm32f2xx_hal_sd.o(i.HAL_SD_CheckReadOperation)
    i.HAL_SD_CheckWriteOperation             0x0800298a   Section        0  stm32f2xx_hal_sd.o(i.HAL_SD_CheckWriteOperation)
    i.HAL_SD_DMA_RxCpltCallback              0x080029f6   Section        0  stm32f2xx_hal_sd.o(i.HAL_SD_DMA_RxCpltCallback)
    i.HAL_SD_DMA_RxErrorCallback             0x080029f8   Section        0  stm32f2xx_hal_sd.o(i.HAL_SD_DMA_RxErrorCallback)
    i.HAL_SD_DMA_TxCpltCallback              0x080029fa   Section        0  stm32f2xx_hal_sd.o(i.HAL_SD_DMA_TxCpltCallback)
    i.HAL_SD_DMA_TxErrorCallback             0x080029fc   Section        0  stm32f2xx_hal_sd.o(i.HAL_SD_DMA_TxErrorCallback)
    i.HAL_SD_GetCardStatus                   0x080029fe   Section        0  stm32f2xx_hal_sd.o(i.HAL_SD_GetCardStatus)
    i.HAL_SD_GetStatus                       0x08002a70   Section        0  stm32f2xx_hal_sd.o(i.HAL_SD_GetStatus)
    i.HAL_SD_Get_CardInfo                    0x08002abe   Section        0  stm32f2xx_hal_sd.o(i.HAL_SD_Get_CardInfo)
    i.HAL_SD_Init                            0x08002d5a   Section        0  stm32f2xx_hal_sd.o(i.HAL_SD_Init)
    i.HAL_SD_MspInit                         0x08002df8   Section        0  sdio.o(i.HAL_SD_MspInit)
    i.HAL_SD_ReadBlocks_DMA                  0x08002e98   Section        0  stm32f2xx_hal_sd.o(i.HAL_SD_ReadBlocks_DMA)
    i.HAL_SD_SendSDStatus                    0x08002f88   Section        0  stm32f2xx_hal_sd.o(i.HAL_SD_SendSDStatus)
    i.HAL_SD_StopTransfer                    0x080030b0   Section        0  stm32f2xx_hal_sd.o(i.HAL_SD_StopTransfer)
    i.HAL_SD_WideBusOperation_Config         0x080030dc   Section        0  stm32f2xx_hal_sd.o(i.HAL_SD_WideBusOperation_Config)
    i.HAL_SD_WriteBlocks_DMA                 0x08003138   Section        0  stm32f2xx_hal_sd.o(i.HAL_SD_WriteBlocks_DMA)
    i.HAL_SPI_Init                           0x0800322c   Section        0  stm32f2xx_hal_spi.o(i.HAL_SPI_Init)
    i.HAL_SPI_MspInit                        0x080033cc   Section        0  spi.o(i.HAL_SPI_MspInit)
    i.HAL_SYSTICK_Callback                   0x0800340c   Section        0  stm32f2xx_hal_cortex.o(i.HAL_SYSTICK_Callback)
    i.HAL_SYSTICK_Config                     0x0800340e   Section        0  stm32f2xx_hal_cortex.o(i.HAL_SYSTICK_Config)
    i.HAL_SYSTICK_IRQHandler                 0x08003436   Section        0  stm32f2xx_hal_cortex.o(i.HAL_SYSTICK_IRQHandler)
    i.HAL_TIMEx_MasterConfigSynchronization  0x08003440   Section        0  stm32f2xx_hal_tim_ex.o(i.HAL_TIMEx_MasterConfigSynchronization)
    i.HAL_TIM_Base_Init                      0x08003578   Section        0  stm32f2xx_hal_tim.o(i.HAL_TIM_Base_Init)
    i.HAL_TIM_Base_MspInit                   0x080036a8   Section        0  tim.o(i.HAL_TIM_Base_MspInit)
    i.HAL_TIM_IC_ConfigChannel               0x08003718   Section        0  stm32f2xx_hal_tim.o(i.HAL_TIM_IC_ConfigChannel)
    i.HAL_TIM_IC_Init                        0x080039bc   Section        0  stm32f2xx_hal_tim.o(i.HAL_TIM_IC_Init)
    i.HAL_TIM_IC_MspInit                     0x08003af0   Section        0  stm32f2xx_hal_tim.o(i.HAL_TIM_IC_MspInit)
    i.HAL_TIM_OnePulse_Init                  0x08003af4   Section        0  stm32f2xx_hal_tim.o(i.HAL_TIM_OnePulse_Init)
    i.HAL_TIM_OnePulse_MspInit               0x08003c4c   Section        0  stm32f2xx_hal_tim.o(i.HAL_TIM_OnePulse_MspInit)
    i.HAL_TIM_SlaveConfigSynchronization     0x08003c50   Section        0  stm32f2xx_hal_tim.o(i.HAL_TIM_SlaveConfigSynchronization)
    i.HAL_WWDG_Init                          0x0800403c   Section        0  stm32f2xx_hal_wwdg.o(i.HAL_WWDG_Init)
    i.HAL_WWDG_MspInit                       0x080040f4   Section        0  wwdg.o(i.HAL_WWDG_MspInit)
    i.MX_ADC1_Init                           0x08004110   Section        0  adc.o(i.MX_ADC1_Init)
    i.MX_ADC2_Init                           0x0800414c   Section        0  adc.o(i.MX_ADC2_Init)
    i.MX_ADC3_Init                           0x08004188   Section        0  adc.o(i.MX_ADC3_Init)
    i.MX_DMA_Init                            0x080041c4   Section        0  dma.o(i.MX_DMA_Init)
    i.MX_GPIO_Init                           0x080041dc   Section        0  gpio.o(i.MX_GPIO_Init)
    i.MX_I2C2_Init                           0x08004350   Section        0  i2c.o(i.MX_I2C2_Init)
    i.MX_I2C3_Init                           0x08004380   Section        0  i2c.o(i.MX_I2C3_Init)
    i.MX_IWDG_Init                           0x080043b0   Section        0  iwdg.o(i.MX_IWDG_Init)
    i.MX_RTC_Init                            0x080043cc   Section        0  rtc.o(i.MX_RTC_Init)
    i.MX_SDIO_SD_Init                        0x08004454   Section        0  sdio.o(i.MX_SDIO_SD_Init)
    i.MX_SPI1_Init                           0x08004474   Section        0  spi.o(i.MX_SPI1_Init)
    i.MX_TIM1_Init                           0x080044a4   Section        0  tim.o(i.MX_TIM1_Init)
    i.MX_USB_OTG_FS_USB_Init                 0x08004508   Section        0  usb_otg.o(i.MX_USB_OTG_FS_USB_Init)
    i.MX_WWDG_Init                           0x0800450c   Section        0  wwdg.o(i.MX_WWDG_Init)
    i.NVIC_SetPriority                       0x08004528   Section        0  stm32f2xx_hal_cortex.o(i.NVIC_SetPriority)
    NVIC_SetPriority                         0x08004529   Thumb Code    32  stm32f2xx_hal_cortex.o(i.NVIC_SetPriority)
    i.RTC_Alarm_IRQHandler                   0x08004548   Section        0  stm32f2xx_it.o(i.RTC_Alarm_IRQHandler)
    i.RTC_Bcd2ToByte                         0x08004554   Section        0  stm32f2xx_hal_rtc.o(i.RTC_Bcd2ToByte)
    i.RTC_ByteToBcd2                         0x08004566   Section        0  stm32f2xx_hal_rtc.o(i.RTC_ByteToBcd2)
    i.RTC_EnterInitMode                      0x0800457c   Section        0  stm32f2xx_hal_rtc.o(i.RTC_EnterInitMode)
    i.SDIO_DataConfig                        0x080045b0   Section        0  stm32f2xx_ll_sdmmc.o(i.SDIO_DataConfig)
    i.SDIO_GetCommandResponse                0x080046a4   Section        0  stm32f2xx_ll_sdmmc.o(i.SDIO_GetCommandResponse)
    i.SDIO_GetPowerState                     0x080046aa   Section        0  stm32f2xx_ll_sdmmc.o(i.SDIO_GetPowerState)
    i.SDIO_GetResponse                       0x080046b4   Section        0  stm32f2xx_ll_sdmmc.o(i.SDIO_GetResponse)
    i.SDIO_Init                              0x08004720   Section        0  stm32f2xx_ll_sdmmc.o(i.SDIO_Init)
    i.SDIO_PowerState_ON                     0x08004814   Section        0  stm32f2xx_ll_sdmmc.o(i.SDIO_PowerState_ON)
    i.SDIO_ReadFIFO                          0x0800481c   Section        0  stm32f2xx_ll_sdmmc.o(i.SDIO_ReadFIFO)
    i.SDIO_SendCommand                       0x08004824   Section        0  stm32f2xx_ll_sdmmc.o(i.SDIO_SendCommand)
    i.SD_CmdResp1Error                       0x080048dc   Section        0  stm32f2xx_hal_sd.o(i.SD_CmdResp1Error)
    SD_CmdResp1Error                         0x080048dd   Thumb Code   230  stm32f2xx_hal_sd.o(i.SD_CmdResp1Error)
    i.SD_CmdResp2Error                       0x080049c8   Section        0  stm32f2xx_hal_sd.o(i.SD_CmdResp2Error)
    SD_CmdResp2Error                         0x080049c9   Thumb Code    46  stm32f2xx_hal_sd.o(i.SD_CmdResp2Error)
    i.SD_CmdResp6Error                       0x080049f6   Section        0  stm32f2xx_hal_sd.o(i.SD_CmdResp6Error)
    SD_CmdResp6Error                         0x080049f7   Thumb Code   114  stm32f2xx_hal_sd.o(i.SD_CmdResp6Error)
    i.SD_CmdResp7Error                       0x08004a68   Section        0  stm32f2xx_hal_sd.o(i.SD_CmdResp7Error)
    SD_CmdResp7Error                         0x08004a69   Thumb Code    64  stm32f2xx_hal_sd.o(i.SD_CmdResp7Error)
    i.SD_DMA_RxCplt                          0x08004aa8   Section        0  stm32f2xx_hal_sd.o(i.SD_DMA_RxCplt)
    SD_DMA_RxCplt                            0x08004aa9   Thumb Code    22  stm32f2xx_hal_sd.o(i.SD_DMA_RxCplt)
    i.SD_DMA_RxError                         0x08004abe   Section        0  stm32f2xx_hal_sd.o(i.SD_DMA_RxError)
    SD_DMA_RxError                           0x08004abf   Thumb Code    12  stm32f2xx_hal_sd.o(i.SD_DMA_RxError)
    i.SD_DMA_TxCplt                          0x08004aca   Section        0  stm32f2xx_hal_sd.o(i.SD_DMA_TxCplt)
    SD_DMA_TxCplt                            0x08004acb   Thumb Code    22  stm32f2xx_hal_sd.o(i.SD_DMA_TxCplt)
    i.SD_DMA_TxError                         0x08004ae0   Section        0  stm32f2xx_hal_sd.o(i.SD_DMA_TxError)
    SD_DMA_TxError                           0x08004ae1   Thumb Code    12  stm32f2xx_hal_sd.o(i.SD_DMA_TxError)
    i.SD_FindSCR                             0x08004aec   Section        0  stm32f2xx_hal_sd.o(i.SD_FindSCR)
    SD_FindSCR                               0x08004aed   Thumb Code   266  stm32f2xx_hal_sd.o(i.SD_FindSCR)
    i.SD_Initialize_Cards                    0x08004bf6   Section        0  stm32f2xx_hal_sd.o(i.SD_Initialize_Cards)
    SD_Initialize_Cards                      0x08004bf7   Thumb Code   220  stm32f2xx_hal_sd.o(i.SD_Initialize_Cards)
    i.SD_PowerON                             0x08004cd4   Section        0  stm32f2xx_hal_sd.o(i.SD_PowerON)
    SD_PowerON                               0x08004cd5   Thumb Code   360  stm32f2xx_hal_sd.o(i.SD_PowerON)
    i.SD_WideBus_Disable                     0x08004e44   Section        0  stm32f2xx_hal_sd.o(i.SD_WideBus_Disable)
    SD_WideBus_Disable                       0x08004e45   Thumb Code   114  stm32f2xx_hal_sd.o(i.SD_WideBus_Disable)
    i.SD_WideBus_Enable                      0x08004eb6   Section        0  stm32f2xx_hal_sd.o(i.SD_WideBus_Enable)
    SD_WideBus_Enable                        0x08004eb7   Thumb Code   116  stm32f2xx_hal_sd.o(i.SD_WideBus_Enable)
    i.SD_initialize                          0x08004f2c   Section        0  sd_diskio.o(i.SD_initialize)
    i.SD_ioctl                               0x08004f4c   Section        0  sd_diskio.o(i.SD_ioctl)
    i.SD_read                                0x08004f9c   Section        0  sd_diskio.o(i.SD_read)
    i.SD_status                              0x08005024   Section        0  sd_diskio.o(i.SD_status)
    i.SD_write                               0x08005044   Section        0  sd_diskio.o(i.SD_write)
    i.SysTick_Handler                        0x080050cc   Section        0  stm32f2xx_it.o(i.SysTick_Handler)
    i.SystemClock_Config                     0x080050da   Section        0  main.o(i.SystemClock_Config)
    i.SystemInit                             0x08005130   Section        0  system_stm32f2xx.o(i.SystemInit)
    i.TIM_Base_SetConfig                     0x08005178   Section        0  stm32f2xx_hal_tim.o(i.TIM_Base_SetConfig)
    i.TIM_ETR_SetConfig                      0x08005238   Section        0  stm32f2xx_hal_tim.o(i.TIM_ETR_SetConfig)
    TIM_ETR_SetConfig                        0x08005239   Thumb Code    20  stm32f2xx_hal_tim.o(i.TIM_ETR_SetConfig)
    i.TIM_TI1_ConfigInputStage               0x0800524c   Section        0  stm32f2xx_hal_tim.o(i.TIM_TI1_ConfigInputStage)
    TIM_TI1_ConfigInputStage                 0x0800524d   Thumb Code    34  stm32f2xx_hal_tim.o(i.TIM_TI1_ConfigInputStage)
    i.TIM_TI1_SetConfig                      0x08005270   Section        0  stm32f2xx_hal_tim.o(i.TIM_TI1_SetConfig)
    i.TIM_TI2_ConfigInputStage               0x080052f0   Section        0  stm32f2xx_hal_tim.o(i.TIM_TI2_ConfigInputStage)
    TIM_TI2_ConfigInputStage                 0x080052f1   Thumb Code    36  stm32f2xx_hal_tim.o(i.TIM_TI2_ConfigInputStage)
    i.TIM_TI2_SetConfig                      0x08005314   Section        0  stm32f2xx_hal_tim.o(i.TIM_TI2_SetConfig)
    TIM_TI2_SetConfig                        0x08005315   Thumb Code    44  stm32f2xx_hal_tim.o(i.TIM_TI2_SetConfig)
    i.__scatterload_copy                     0x08005340   Section       14  handlers.o(i.__scatterload_copy)
    i.__scatterload_null                     0x0800534e   Section        2  handlers.o(i.__scatterload_null)
    i.__scatterload_zeroinit                 0x08005350   Section       14  handlers.o(i.__scatterload_zeroinit)
    i.assert_failed                          0x0800535e   Section        0  main.o(i.assert_failed)
    i.main                                   0x08005360   Section        0  main.o(i.main)
    .constdata                               0x080054c0   Section       16  stm32f2xx_hal_rcc.o(.constdata)
    .data                                    0x20000000   Section        8  ff_gen_drv.o(.data)
    .data                                    0x20000008   Section        1  sd_diskio.o(.data)
    Stat                                     0x20000008   Data           1  sd_diskio.o(.data)
    .data                                    0x2000000c   Section       20  sd_diskio.o(.data)
    .data                                    0x20000020   Section       20  system_stm32f2xx.o(.data)
    .data                                    0x20000034   Section        4  stm32f2xx_hal.o(.data)
    uwTick                                   0x20000034   Data           4  stm32f2xx_hal.o(.data)
    .data                                    0x20000038   Section        5  main.o(.data)
    .bss                                     0x20000040   Section      192  i2c.o(.bss)
    .bss                                     0x20000100   Section      140  tim.o(.bss)
    .bss                                     0x2000018c   Section       32  rtc.o(.bss)
    .bss                                     0x200001ac   Section      176  sdio.o(.bss)
    .bss                                     0x20000260   Section       88  sdio.o(.bss)
    .bss                                     0x200002b8   Section       16  iwdg.o(.bss)
    .bss                                     0x200002c8   Section       84  spi.o(.bss)
    .bss                                     0x2000031c   Section       20  wwdg.o(.bss)
    .bss                                     0x20000330   Section      284  adc.o(.bss)
    STACK                                    0x20000450   Section     1024  startup_stm32f207xx.o(STACK)

    Global Symbols

    Symbol Name                              Value     Ov Type        Size  Object(Section)

    BuildAttributes$$THM_ISAv4$P$D$K$B$S$PE$A:L22UL41UL21$X:L11$S22US41US21$IEEE1$IW$USESV6$~STKCKD$USESV7$~SHL$OSPACE$EBA8$MICROLIB$REQ8$PRES8$EABIv2 0x00000000   Number         0  anon$$obj.o ABSOLUTE
    __ARM_use_no_argv                        0x00000000   Number         0  main.o ABSOLUTE
    __cpp_initialize__aeabi_                  - Undefined Weak Reference
    __cxa_finalize                            - Undefined Weak Reference
    __decompress                              - Undefined Weak Reference
    _clock_init                               - Undefined Weak Reference
    _microlib_exit                            - Undefined Weak Reference
    __Vectors_Size                           0x00000188   Number         0  startup_stm32f207xx.o ABSOLUTE
    __Vectors                                0x08000000   Data           4  startup_stm32f207xx.o(RESET)
    __Vectors_End                            0x08000188   Data           0  startup_stm32f207xx.o(RESET)
    __main                                   0x08000189   Thumb Code     0  entry.o(.ARM.Collect$$$$00000000)
    _main_stk                                0x08000189   Thumb Code     0  entry2.o(.ARM.Collect$$$$00000001)
    _main_scatterload                        0x0800018d   Thumb Code     0  entry5.o(.ARM.Collect$$$$00000004)
    __main_after_scatterload                 0x08000191   Thumb Code     0  entry5.o(.ARM.Collect$$$$00000004)
    _main_clock                              0x08000191   Thumb Code     0  entry7b.o(.ARM.Collect$$$$00000008)
    _main_cpp_init                           0x08000191   Thumb Code     0  entry8b.o(.ARM.Collect$$$$0000000A)
    _main_init                               0x08000191   Thumb Code     0  entry9a.o(.ARM.Collect$$$$0000000B)
    __rt_final_cpp                           0x08000199   Thumb Code     0  entry10a.o(.ARM.Collect$$$$0000000D)
    __rt_final_exit                          0x08000199   Thumb Code     0  entry11a.o(.ARM.Collect$$$$0000000F)
    Reset_Handler                            0x0800019d   Thumb Code     8  startup_stm32f207xx.o(.text)
    NMI_Handler                              0x080001a5   Thumb Code     2  startup_stm32f207xx.o(.text)
    HardFault_Handler                        0x080001a7   Thumb Code     2  startup_stm32f207xx.o(.text)
    MemManage_Handler                        0x080001a9   Thumb Code     2  startup_stm32f207xx.o(.text)
    BusFault_Handler                         0x080001ab   Thumb Code     2  startup_stm32f207xx.o(.text)
    UsageFault_Handler                       0x080001ad   Thumb Code     2  startup_stm32f207xx.o(.text)
    SVC_Handler                              0x080001af   Thumb Code     2  startup_stm32f207xx.o(.text)
    DebugMon_Handler                         0x080001b1   Thumb Code     2  startup_stm32f207xx.o(.text)
    PendSV_Handler                           0x080001b3   Thumb Code     2  startup_stm32f207xx.o(.text)
    ADC_IRQHandler                           0x080001b7   Thumb Code     0  startup_stm32f207xx.o(.text)
    CAN1_RX0_IRQHandler                      0x080001b7   Thumb Code     0  startup_stm32f207xx.o(.text)
    CAN1_RX1_IRQHandler                      0x080001b7   Thumb Code     0  startup_stm32f207xx.o(.text)
    CAN1_SCE_IRQHandler                      0x080001b7   Thumb Code     0  startup_stm32f207xx.o(.text)
    CAN1_TX_IRQHandler                       0x080001b7   Thumb Code     0  startup_stm32f207xx.o(.text)
    CAN2_RX0_IRQHandler                      0x080001b7   Thumb Code     0  startup_stm32f207xx.o(.text)
    CAN2_RX1_IRQHandler                      0x080001b7   Thumb Code     0  startup_stm32f207xx.o(.text)
    CAN2_SCE_IRQHandler                      0x080001b7   Thumb Code     0  startup_stm32f207xx.o(.text)
    CAN2_TX_IRQHandler                       0x080001b7   Thumb Code     0  startup_stm32f207xx.o(.text)
    DCMI_IRQHandler                          0x080001b7   Thumb Code     0  startup_stm32f207xx.o(.text)
    DMA1_Stream0_IRQHandler                  0x080001b7   Thumb Code     0  startup_stm32f207xx.o(.text)
    DMA1_Stream1_IRQHandler                  0x080001b7   Thumb Code     0  startup_stm32f207xx.o(.text)
    DMA1_Stream2_IRQHandler                  0x080001b7   Thumb Code     0  startup_stm32f207xx.o(.text)
    DMA1_Stream3_IRQHandler                  0x080001b7   Thumb Code     0  startup_stm32f207xx.o(.text)
    DMA1_Stream4_IRQHandler                  0x080001b7   Thumb Code     0  startup_stm32f207xx.o(.text)
    DMA1_Stream5_IRQHandler                  0x080001b7   Thumb Code     0  startup_stm32f207xx.o(.text)
    DMA1_Stream6_IRQHandler                  0x080001b7   Thumb Code     0  startup_stm32f207xx.o(.text)
    DMA1_Stream7_IRQHandler                  0x080001b7   Thumb Code     0  startup_stm32f207xx.o(.text)
    DMA2_Stream0_IRQHandler                  0x080001b7   Thumb Code     0  startup_stm32f207xx.o(.text)
    DMA2_Stream1_IRQHandler                  0x080001b7   Thumb Code     0  startup_stm32f207xx.o(.text)
    DMA2_Stream2_IRQHandler                  0x080001b7   Thumb Code     0  startup_stm32f207xx.o(.text)
    DMA2_Stream3_IRQHandler                  0x080001b7   Thumb Code     0  startup_stm32f207xx.o(.text)
    DMA2_Stream4_IRQHandler                  0x080001b7   Thumb Code     0  startup_stm32f207xx.o(.text)
    DMA2_Stream5_IRQHandler                  0x080001b7   Thumb Code     0  startup_stm32f207xx.o(.text)
    DMA2_Stream6_IRQHandler                  0x080001b7   Thumb Code     0  startup_stm32f207xx.o(.text)
    DMA2_Stream7_IRQHandler                  0x080001b7   Thumb Code     0  startup_stm32f207xx.o(.text)
    ETH_IRQHandler                           0x080001b7   Thumb Code     0  startup_stm32f207xx.o(.text)
    ETH_WKUP_IRQHandler                      0x080001b7   Thumb Code     0  startup_stm32f207xx.o(.text)
    EXTI0_IRQHandler                         0x080001b7   Thumb Code     0  startup_stm32f207xx.o(.text)
    EXTI15_10_IRQHandler                     0x080001b7   Thumb Code     0  startup_stm32f207xx.o(.text)
    EXTI1_IRQHandler                         0x080001b7   Thumb Code     0  startup_stm32f207xx.o(.text)
    EXTI2_IRQHandler                         0x080001b7   Thumb Code     0  startup_stm32f207xx.o(.text)
    EXTI3_IRQHandler                         0x080001b7   Thumb Code     0  startup_stm32f207xx.o(.text)
    EXTI4_IRQHandler                         0x080001b7   Thumb Code     0  startup_stm32f207xx.o(.text)
    EXTI9_5_IRQHandler                       0x080001b7   Thumb Code     0  startup_stm32f207xx.o(.text)
    FLASH_IRQHandler                         0x080001b7   Thumb Code     0  startup_stm32f207xx.o(.text)
    FMC_IRQHandler                           0x080001b7   Thumb Code     0  startup_stm32f207xx.o(.text)
    FPU_IRQHandler                           0x080001b7   Thumb Code     0  startup_stm32f207xx.o(.text)
    HASH_RNG_IRQHandler                      0x080001b7   Thumb Code     0  startup_stm32f207xx.o(.text)
    I2C1_ER_IRQHandler                       0x080001b7   Thumb Code     0  startup_stm32f207xx.o(.text)
    I2C1_EV_IRQHandler                       0x080001b7   Thumb Code     0  startup_stm32f207xx.o(.text)
    I2C2_ER_IRQHandler                       0x080001b7   Thumb Code     0  startup_stm32f207xx.o(.text)
    I2C2_EV_IRQHandler                       0x080001b7   Thumb Code     0  startup_stm32f207xx.o(.text)
    I2C3_ER_IRQHandler                       0x080001b7   Thumb Code     0  startup_stm32f207xx.o(.text)
    I2C3_EV_IRQHandler                       0x080001b7   Thumb Code     0  startup_stm32f207xx.o(.text)
    OTG_FS_IRQHandler                        0x080001b7   Thumb Code     0  startup_stm32f207xx.o(.text)
    OTG_FS_WKUP_IRQHandler                   0x080001b7   Thumb Code     0  startup_stm32f207xx.o(.text)
    OTG_HS_EP1_IN_IRQHandler                 0x080001b7   Thumb Code     0  startup_stm32f207xx.o(.text)
    OTG_HS_EP1_OUT_IRQHandler                0x080001b7   Thumb Code     0  startup_stm32f207xx.o(.text)
    OTG_HS_IRQHandler                        0x080001b7   Thumb Code     0  startup_stm32f207xx.o(.text)
    OTG_HS_WKUP_IRQHandler                   0x080001b7   Thumb Code     0  startup_stm32f207xx.o(.text)
    PVD_IRQHandler                           0x080001b7   Thumb Code     0  startup_stm32f207xx.o(.text)
    RCC_IRQHandler                           0x080001b7   Thumb Code     0  startup_stm32f207xx.o(.text)
    RTC_WKUP_IRQHandler                      0x080001b7   Thumb Code     0  startup_stm32f207xx.o(.text)
    SDIO_IRQHandler                          0x080001b7   Thumb Code     0  startup_stm32f207xx.o(.text)
    SPI1_IRQHandler                          0x080001b7   Thumb Code     0  startup_stm32f207xx.o(.text)
    SPI2_IRQHandler                          0x080001b7   Thumb Code     0  startup_stm32f207xx.o(.text)
    SPI3_IRQHandler                          0x080001b7   Thumb Code     0  startup_stm32f207xx.o(.text)
    TAMP_STAMP_IRQHandler                    0x080001b7   Thumb Code     0  startup_stm32f207xx.o(.text)
    TIM1_BRK_TIM9_IRQHandler                 0x080001b7   Thumb Code     0  startup_stm32f207xx.o(.text)
    TIM1_CC_IRQHandler                       0x080001b7   Thumb Code     0  startup_stm32f207xx.o(.text)
    TIM1_TRG_COM_TIM11_IRQHandler            0x080001b7   Thumb Code     0  startup_stm32f207xx.o(.text)
    TIM1_UP_TIM10_IRQHandler                 0x080001b7   Thumb Code     0  startup_stm32f207xx.o(.text)
    TIM2_IRQHandler                          0x080001b7   Thumb Code     0  startup_stm32f207xx.o(.text)
    TIM3_IRQHandler                          0x080001b7   Thumb Code     0  startup_stm32f207xx.o(.text)
    TIM4_IRQHandler                          0x080001b7   Thumb Code     0  startup_stm32f207xx.o(.text)
    TIM5_IRQHandler                          0x080001b7   Thumb Code     0  startup_stm32f207xx.o(.text)
    TIM6_DAC_IRQHandler                      0x080001b7   Thumb Code     0  startup_stm32f207xx.o(.text)
    TIM7_IRQHandler                          0x080001b7   Thumb Code     0  startup_stm32f207xx.o(.text)
    TIM8_BRK_TIM12_IRQHandler                0x080001b7   Thumb Code     0  startup_stm32f207xx.o(.text)
    TIM8_CC_IRQHandler                       0x080001b7   Thumb Code     0  startup_stm32f207xx.o(.text)
    TIM8_TRG_COM_TIM14_IRQHandler            0x080001b7   Thumb Code     0  startup_stm32f207xx.o(.text)
    TIM8_UP_TIM13_IRQHandler                 0x080001b7   Thumb Code     0  startup_stm32f207xx.o(.text)
    UART4_IRQHandler                         0x080001b7   Thumb Code     0  startup_stm32f207xx.o(.text)
    UART5_IRQHandler                         0x080001b7   Thumb Code     0  startup_stm32f207xx.o(.text)
    USART1_IRQHandler                        0x080001b7   Thumb Code     0  startup_stm32f207xx.o(.text)
    USART2_IRQHandler                        0x080001b7   Thumb Code     0  startup_stm32f207xx.o(.text)
    USART3_IRQHandler                        0x080001b7   Thumb Code     0  startup_stm32f207xx.o(.text)
    USART6_IRQHandler                        0x080001b7   Thumb Code     0  startup_stm32f207xx.o(.text)
    WWDG_IRQHandler                          0x080001b7   Thumb Code     0  startup_stm32f207xx.o(.text)
    __aeabi_memcpy                           0x080001c1   Thumb Code    36  memcpya.o(.text)
    __aeabi_memcpy4                          0x080001c1   Thumb Code     0  memcpya.o(.text)
    __aeabi_memcpy8                          0x080001c1   Thumb Code     0  memcpya.o(.text)
    __scatterload                            0x080001e5   Thumb Code    28  init.o(.text)
    __scatterload_rt2                        0x080001e5   Thumb Code     0  init.o(.text)
    BSP_SD_GetCardInfo                       0x08000375   Thumb Code     8  bsp_driver_sd.o(i.BSP_SD_GetCardInfo)
    BSP_SD_GetStatus                         0x08000381   Thumb Code     6  bsp_driver_sd.o(i.BSP_SD_GetStatus)
    BSP_SD_Init                              0x0800038d   Thumb Code    72  bsp_driver_sd.o(i.BSP_SD_Init)
    BSP_SD_ReadBlocks_DMA                    0x080003dd   Thumb Code    44  bsp_driver_sd.o(i.BSP_SD_ReadBlocks_DMA)
    BSP_SD_WriteBlocks_DMA                   0x0800040d   Thumb Code    44  bsp_driver_sd.o(i.BSP_SD_WriteBlocks_DMA)
    FATFS_LinkDriver                         0x0800045d   Thumb Code    44  ff_gen_drv.o(i.FATFS_LinkDriver)
    HAL_ADC_ConfigChannel                    0x0800048d   Thumb Code   430  stm32f2xx_hal_adc.o(i.HAL_ADC_ConfigChannel)
    HAL_ADC_GetValue                         0x08000679   Thumb Code     6  stm32f2xx_hal_adc.o(i.HAL_ADC_GetValue)
    HAL_ADC_Init                             0x08000681   Thumb Code   396  stm32f2xx_hal_adc.o(i.HAL_ADC_Init)
    HAL_ADC_MspInit                          0x08000851   Thumb Code   142  adc.o(i.HAL_ADC_MspInit)
    HAL_ADC_PollForConversion                0x080008fd   Thumb Code    72  stm32f2xx_hal_adc.o(i.HAL_ADC_PollForConversion)
    HAL_ADC_Start                            0x08000945   Thumb Code   168  stm32f2xx_hal_adc.o(i.HAL_ADC_Start)
    HAL_DMA_Init                             0x08000a29   Thumb Code   566  stm32f2xx_hal_dma.o(i.HAL_DMA_Init)
    HAL_DMA_Start_IT                         0x08000ca5   Thumb Code   144  stm32f2xx_hal_dma.o(i.HAL_DMA_Start_IT)
    HAL_GPIO_Init                            0x08000d6d   Thumb Code   636  stm32f2xx_hal_gpio.o(i.HAL_GPIO_Init)
    HAL_GPIO_WritePin                        0x08001071   Thumb Code   122  stm32f2xx_hal_gpio.o(i.HAL_GPIO_WritePin)
    HAL_GetTick                              0x08001129   Thumb Code     6  stm32f2xx_hal.o(i.HAL_GetTick)
    HAL_I2C_Init                             0x08001135   Thumb Code   428  stm32f2xx_hal_i2c.o(i.HAL_I2C_Init)
    HAL_I2C_MspInit                          0x08001331   Thumb Code   124  i2c.o(i.HAL_I2C_MspInit)
    HAL_IWDG_Init                            0x080013c9   Thumb Code   126  stm32f2xx_hal_iwdg.o(i.HAL_IWDG_Init)
    HAL_IWDG_MspInit                         0x08001485   Thumb Code     2  iwdg.o(i.HAL_IWDG_MspInit)
    HAL_IncTick                              0x08001489   Thumb Code    10  stm32f2xx_hal.o(i.HAL_IncTick)
    HAL_Init                                 0x08001499   Thumb Code    50  stm32f2xx_hal.o(i.HAL_Init)
    HAL_MspInit                              0x080014d1   Thumb Code    22  stm32f2xx_hal_msp.o(i.HAL_MspInit)
    HAL_NVIC_EnableIRQ                       0x080014e7   Thumb Code    22  stm32f2xx_hal_cortex.o(i.HAL_NVIC_EnableIRQ)
    HAL_NVIC_SetPriority                     0x080014fd   Thumb Code    94  stm32f2xx_hal_cortex.o(i.HAL_NVIC_SetPriority)
    HAL_NVIC_SetPriorityGrouping             0x0800159d   Thumb Code    58  stm32f2xx_hal_cortex.o(i.HAL_NVIC_SetPriorityGrouping)
    HAL_RCCEx_PeriphCLKConfig                0x0800161d   Thumb Code   354  stm32f2xx_hal_rcc_ex.o(i.HAL_RCCEx_PeriphCLKConfig)
    HAL_RCC_ClockConfig                      0x080017d1   Thumb Code   730  stm32f2xx_hal_rcc.o(i.HAL_RCC_ClockConfig)
    HAL_RCC_GetHCLKFreq                      0x08001af1   Thumb Code    38  stm32f2xx_hal_rcc.o(i.HAL_RCC_GetHCLKFreq)
    HAL_RCC_GetPCLK1Freq                     0x08001b25   Thumb Code    36  stm32f2xx_hal_rcc.o(i.HAL_RCC_GetPCLK1Freq)
    HAL_RCC_GetSysClockFreq                  0x08001b51   Thumb Code   120  stm32f2xx_hal_rcc.o(i.HAL_RCC_GetSysClockFreq)
    HAL_RCC_OscConfig                        0x08001bd5   Thumb Code  1092  stm32f2xx_hal_rcc.o(i.HAL_RCC_OscConfig)
    HAL_RTCEx_AlarmBEventCallback            0x08002019   Thumb Code     2  stm32f2xx_hal_rtc_ex.o(i.HAL_RTCEx_AlarmBEventCallback)
    HAL_RTCEx_SetCalibrationOutPut           0x0800201b   Thumb Code    56  stm32f2xx_hal_rtc_ex.o(i.HAL_RTCEx_SetCalibrationOutPut)
    HAL_RTC_AlarmAEventCallback              0x08002053   Thumb Code     2  stm32f2xx_hal_rtc.o(i.HAL_RTC_AlarmAEventCallback)
    HAL_RTC_AlarmIRQHandler                  0x08002055   Thumb Code    86  stm32f2xx_hal_rtc.o(i.HAL_RTC_AlarmIRQHandler)
    HAL_RTC_Init                             0x080020b1   Thumb Code   258  stm32f2xx_hal_rtc.o(i.HAL_RTC_Init)
    HAL_RTC_MspInit                          0x080021f1   Thumb Code    38  rtc.o(i.HAL_RTC_MspInit)
    HAL_RTC_SetAlarm_IT                      0x08002221   Thumb Code   742  stm32f2xx_hal_rtc.o(i.HAL_RTC_SetAlarm_IT)
    HAL_RTC_SetDate                          0x08002545   Thumb Code   366  stm32f2xx_hal_rtc.o(i.HAL_RTC_SetDate)
    HAL_RTC_SetTime                          0x080026f1   Thumb Code   462  stm32f2xx_hal_rtc.o(i.HAL_RTC_SetTime)
    HAL_RTC_WaitForSynchro                   0x080028fd   Thumb Code    48  stm32f2xx_hal_rtc.o(i.HAL_RTC_WaitForSynchro)
    HAL_SD_CheckReadOperation                0x0800292d   Thumb Code    94  stm32f2xx_hal_sd.o(i.HAL_SD_CheckReadOperation)
    HAL_SD_CheckWriteOperation               0x0800298b   Thumb Code   108  stm32f2xx_hal_sd.o(i.HAL_SD_CheckWriteOperation)
    HAL_SD_DMA_RxCpltCallback                0x080029f7   Thumb Code     2  stm32f2xx_hal_sd.o(i.HAL_SD_DMA_RxCpltCallback)
    HAL_SD_DMA_RxErrorCallback               0x080029f9   Thumb Code     2  stm32f2xx_hal_sd.o(i.HAL_SD_DMA_RxErrorCallback)
    HAL_SD_DMA_TxCpltCallback                0x080029fb   Thumb Code     2  stm32f2xx_hal_sd.o(i.HAL_SD_DMA_TxCpltCallback)
    HAL_SD_DMA_TxErrorCallback               0x080029fd   Thumb Code     2  stm32f2xx_hal_sd.o(i.HAL_SD_DMA_TxErrorCallback)
    HAL_SD_GetCardStatus                     0x080029ff   Thumb Code   114  stm32f2xx_hal_sd.o(i.HAL_SD_GetCardStatus)
    HAL_SD_GetStatus                         0x08002a71   Thumb Code    78  stm32f2xx_hal_sd.o(i.HAL_SD_GetStatus)
    HAL_SD_Get_CardInfo                      0x08002abf   Thumb Code   668  stm32f2xx_hal_sd.o(i.HAL_SD_Get_CardInfo)
    HAL_SD_Init                              0x08002d5b   Thumb Code   158  stm32f2xx_hal_sd.o(i.HAL_SD_Init)
    HAL_SD_MspInit                           0x08002df9   Thumb Code   134  sdio.o(i.HAL_SD_MspInit)
    HAL_SD_ReadBlocks_DMA                    0x08002e99   Thumb Code   224  stm32f2xx_hal_sd.o(i.HAL_SD_ReadBlocks_DMA)
    HAL_SD_SendSDStatus                      0x08002f89   Thumb Code   296  stm32f2xx_hal_sd.o(i.HAL_SD_SendSDStatus)
    HAL_SD_StopTransfer                      0x080030b1   Thumb Code    44  stm32f2xx_hal_sd.o(i.HAL_SD_StopTransfer)
    HAL_SD_WideBusOperation_Config           0x080030dd   Thumb Code    92  stm32f2xx_hal_sd.o(i.HAL_SD_WideBusOperation_Config)
    HAL_SD_WriteBlocks_DMA                   0x08003139   Thumb Code   226  stm32f2xx_hal_sd.o(i.HAL_SD_WriteBlocks_DMA)
    HAL_SPI_Init                             0x0800322d   Thumb Code   358  stm32f2xx_hal_spi.o(i.HAL_SPI_Init)
    HAL_SPI_MspInit                          0x080033cd   Thumb Code    52  spi.o(i.HAL_SPI_MspInit)
    HAL_SYSTICK_Callback                     0x0800340d   Thumb Code     2  stm32f2xx_hal_cortex.o(i.HAL_SYSTICK_Callback)
    HAL_SYSTICK_Config                       0x0800340f   Thumb Code    40  stm32f2xx_hal_cortex.o(i.HAL_SYSTICK_Config)
    HAL_SYSTICK_IRQHandler                   0x08003437   Thumb Code     8  stm32f2xx_hal_cortex.o(i.HAL_SYSTICK_IRQHandler)
    HAL_TIMEx_MasterConfigSynchronization    0x08003441   Thumb Code   214  stm32f2xx_hal_tim_ex.o(i.HAL_TIMEx_MasterConfigSynchronization)
    HAL_TIM_Base_Init                        0x08003579   Thumb Code   194  stm32f2xx_hal_tim.o(i.HAL_TIM_Base_Init)
    HAL_TIM_Base_MspInit                     0x080036a9   Thumb Code    92  tim.o(i.HAL_TIM_Base_MspInit)
    HAL_TIM_IC_ConfigChannel                 0x08003719   Thumb Code   574  stm32f2xx_hal_tim.o(i.HAL_TIM_IC_ConfigChannel)
    HAL_TIM_IC_Init                          0x080039bd   Thumb Code   200  stm32f2xx_hal_tim.o(i.HAL_TIM_IC_Init)
    HAL_TIM_IC_MspInit                       0x08003af1   Thumb Code     2  stm32f2xx_hal_tim.o(i.HAL_TIM_IC_MspInit)
    HAL_TIM_OnePulse_Init                    0x08003af5   Thumb Code   236  stm32f2xx_hal_tim.o(i.HAL_TIM_OnePulse_Init)
    HAL_TIM_OnePulse_MspInit                 0x08003c4d   Thumb Code     2  stm32f2xx_hal_tim.o(i.HAL_TIM_OnePulse_MspInit)
    HAL_TIM_SlaveConfigSynchronization       0x08003c51   Thumb Code   902  stm32f2xx_hal_tim.o(i.HAL_TIM_SlaveConfigSynchronization)
    HAL_WWDG_Init                            0x0800403d   Thumb Code   124  stm32f2xx_hal_wwdg.o(i.HAL_WWDG_Init)
    HAL_WWDG_MspInit                         0x080040f5   Thumb Code    20  wwdg.o(i.HAL_WWDG_MspInit)
    MX_ADC1_Init                             0x08004111   Thumb Code    52  adc.o(i.MX_ADC1_Init)
    MX_ADC2_Init                             0x0800414d   Thumb Code    52  adc.o(i.MX_ADC2_Init)
    MX_ADC3_Init                             0x08004189   Thumb Code    52  adc.o(i.MX_ADC3_Init)
    MX_DMA_Init                              0x080041c5   Thumb Code    20  dma.o(i.MX_DMA_Init)
    MX_GPIO_Init                             0x080041dd   Thumb Code   330  gpio.o(i.MX_GPIO_Init)
    MX_I2C2_Init                             0x08004351   Thumb Code    34  i2c.o(i.MX_I2C2_Init)
    MX_I2C3_Init                             0x08004381   Thumb Code    34  i2c.o(i.MX_I2C3_Init)
    MX_IWDG_Init                             0x080043b1   Thumb Code    20  iwdg.o(i.MX_IWDG_Init)
    MX_RTC_Init                              0x080043cd   Thumb Code   128  rtc.o(i.MX_RTC_Init)
    MX_SDIO_SD_Init                          0x08004455   Thumb Code    22  sdio.o(i.MX_SDIO_SD_Init)
    MX_SPI1_Init                             0x08004475   Thumb Code    40  spi.o(i.MX_SPI1_Init)
    MX_TIM1_Init                             0x080044a5   Thumb Code    92  tim.o(i.MX_TIM1_Init)
    MX_USB_OTG_FS_USB_Init                   0x08004509   Thumb Code     2  usb_otg.o(i.MX_USB_OTG_FS_USB_Init)
    MX_WWDG_Init                             0x0800450d   Thumb Code    20  wwdg.o(i.MX_WWDG_Init)
    RTC_Alarm_IRQHandler                     0x08004549   Thumb Code     6  stm32f2xx_it.o(i.RTC_Alarm_IRQHandler)
    RTC_Bcd2ToByte                           0x08004555   Thumb Code    18  stm32f2xx_hal_rtc.o(i.RTC_Bcd2ToByte)
    RTC_ByteToBcd2                           0x08004567   Thumb Code    22  stm32f2xx_hal_rtc.o(i.RTC_ByteToBcd2)
    RTC_EnterInitMode                        0x0800457d   Thumb Code    52  stm32f2xx_hal_rtc.o(i.RTC_EnterInitMode)
    SDIO_DataConfig                          0x080045b1   Thumb Code   184  stm32f2xx_ll_sdmmc.o(i.SDIO_DataConfig)
    SDIO_GetCommandResponse                  0x080046a5   Thumb Code     6  stm32f2xx_ll_sdmmc.o(i.SDIO_GetCommandResponse)
    SDIO_GetPowerState                       0x080046ab   Thumb Code     8  stm32f2xx_ll_sdmmc.o(i.SDIO_GetPowerState)
    SDIO_GetResponse                         0x080046b5   Thumb Code    44  stm32f2xx_ll_sdmmc.o(i.SDIO_GetResponse)
    SDIO_Init                                0x08004721   Thumb Code   178  stm32f2xx_ll_sdmmc.o(i.SDIO_Init)
    SDIO_PowerState_ON                       0x08004815   Thumb Code     8  stm32f2xx_ll_sdmmc.o(i.SDIO_PowerState_ON)
    SDIO_ReadFIFO                            0x0800481d   Thumb Code     6  stm32f2xx_ll_sdmmc.o(i.SDIO_ReadFIFO)
    SDIO_SendCommand                         0x08004825   Thumb Code   122  stm32f2xx_ll_sdmmc.o(i.SDIO_SendCommand)
    SD_initialize                            0x08004f2d   Thumb Code    26  sd_diskio.o(i.SD_initialize)
    SD_ioctl                                 0x08004f4d   Thumb Code    76  sd_diskio.o(i.SD_ioctl)
    SD_read                                  0x08004f9d   Thumb Code   130  sd_diskio.o(i.SD_read)
    SD_status                                0x08005025   Thumb Code    26  sd_diskio.o(i.SD_status)
    SD_write                                 0x08005045   Thumb Code   132  sd_diskio.o(i.SD_write)
    SysTick_Handler                          0x080050cd   Thumb Code    14  stm32f2xx_it.o(i.SysTick_Handler)
    SystemClock_Config                       0x080050db   Thumb Code    84  main.o(i.SystemClock_Config)
    SystemInit                               0x08005131   Thumb Code    54  system_stm32f2xx.o(i.SystemInit)
    TIM_Base_SetConfig                       0x08005179   Thumb Code   148  stm32f2xx_hal_tim.o(i.TIM_Base_SetConfig)
    TIM_TI1_SetConfig                        0x08005271   Thumb Code    98  stm32f2xx_hal_tim.o(i.TIM_TI1_SetConfig)
    __scatterload_copy                       0x08005341   Thumb Code    14  handlers.o(i.__scatterload_copy)
    __scatterload_null                       0x0800534f   Thumb Code     2  handlers.o(i.__scatterload_null)
    __scatterload_zeroinit                   0x08005351   Thumb Code    14  handlers.o(i.__scatterload_zeroinit)
    assert_failed                            0x0800535f   Thumb Code     2  main.o(i.assert_failed)
    main                                     0x08005361   Thumb Code   328  main.o(i.main)
    APBAHBPrescTable                         0x080054c0   Data          16  stm32f2xx_hal_rcc.o(.constdata)
    Region$$Table$$Base                      0x080054d0   Number         0  anon$$obj.o(Region$$Table)
    Region$$Table$$Limit                     0x080054f0   Number         0  anon$$obj.o(Region$$Table)
    disk                                     0x20000000   Data           8  ff_gen_drv.o(.data)
    SD_Driver                                0x2000000c   Data          20  sd_diskio.o(.data)
    SystemCoreClock                          0x20000020   Data           4  system_stm32f2xx.o(.data)
    AHBPrescTable                            0x20000024   Data          16  system_stm32f2xx.o(.data)
    retSD                                    0x20000038   Data           1  main.o(.data)
    SD_Path                                  0x20000039   Data           4  main.o(.data)
    hi2c2                                    0x20000040   Data          56  i2c.o(.bss)
    hi2c3                                    0x20000078   Data          56  i2c.o(.bss)
    hdma_i2c2_rx                             0x200000b0   Data          80  i2c.o(.bss)
    htim1                                    0x20000100   Data          60  tim.o(.bss)
    hdma_tim1_ch1_ch2_ch3                    0x2000013c   Data          80  tim.o(.bss)
    hrtc                                     0x2000018c   Data          32  rtc.o(.bss)
    hsd                                      0x200001ac   Data          96  sdio.o(.bss)
    hdma_sdio                                0x2000020c   Data          80  sdio.o(.bss)
    SDCardInfo                               0x20000260   Data          88  sdio.o(.bss)
    hiwdg                                    0x200002b8   Data          16  iwdg.o(.bss)
    hspi1                                    0x200002c8   Data          84  spi.o(.bss)
    hwwdg                                    0x2000031c   Data          20  wwdg.o(.bss)
    hadc1                                    0x20000330   Data          68  adc.o(.bss)
    hadc2                                    0x20000374   Data          68  adc.o(.bss)
    hadc3                                    0x200003b8   Data          68  adc.o(.bss)
    hdma_adc1                                0x200003fc   Data          80  adc.o(.bss)
    __initial_sp                             0x20000850   Data           0  startup_stm32f207xx.o(STACK)



==============================================================================

Memory Map of the image

  Image Entry point : 0x08000189

  Load Region LR_IROM1 (Base: 0x08000000, Size: 0x00005530, Max: 0x00040000, ABSOLUTE)

    Execution Region ER_IROM1 (Base: 0x08000000, Size: 0x000054f0, Max: 0x00040000, ABSOLUTE)

    Base Addr    Size         Type   Attr      Idx    E Section Name        Object

    0x08000000   0x00000188   Data   RO         4532    RESET               startup_stm32f207xx.o
    0x08000188   0x00000000   Code   RO         4537  * .ARM.Collect$$$$00000000  mc_w.l(entry.o)
    0x08000188   0x00000004   Code   RO         4574    .ARM.Collect$$$$00000001  mc_w.l(entry2.o)
    0x0800018c   0x00000004   Code   RO         4577    .ARM.Collect$$$$00000004  mc_w.l(entry5.o)
    0x08000190   0x00000000   Code   RO         4579    .ARM.Collect$$$$00000008  mc_w.l(entry7b.o)
    0x08000190   0x00000000   Code   RO         4581    .ARM.Collect$$$$0000000A  mc_w.l(entry8b.o)
    0x08000190   0x00000008   Code   RO         4582    .ARM.Collect$$$$0000000B  mc_w.l(entry9a.o)
    0x08000198   0x00000000   Code   RO         4584    .ARM.Collect$$$$0000000D  mc_w.l(entry10a.o)
    0x08000198   0x00000000   Code   RO         4586    .ARM.Collect$$$$0000000F  mc_w.l(entry11a.o)
    0x08000198   0x00000004   Code   RO         4575    .ARM.Collect$$$$00002712  mc_w.l(entry2.o)
    0x0800019c   0x00000024   Code   RO         4533    .text               startup_stm32f207xx.o
    0x080001c0   0x00000024   Code   RO         4540    .text               mc_w.l(memcpya.o)
    0x080001e4   0x00000024   Code   RO         4590    .text               mc_w.l(init.o)
    0x08000208   0x0000016c   Code   RO          949    i.ADC_Init          stm32f2xx_hal_adc.o
    0x08000374   0x0000000c   Code   RO         3956    i.BSP_SD_GetCardInfo  bsp_driver_sd.o
    0x08000380   0x0000000c   Code   RO         3957    i.BSP_SD_GetStatus  bsp_driver_sd.o
    0x0800038c   0x00000050   Code   RO         3960    i.BSP_SD_Init       bsp_driver_sd.o
    0x080003dc   0x00000030   Code   RO         3963    i.BSP_SD_ReadBlocks_DMA  bsp_driver_sd.o
    0x0800040c   0x00000030   Code   RO         3965    i.BSP_SD_WriteBlocks_DMA  bsp_driver_sd.o
    0x0800043c   0x0000001e   Code   RO         2022    i.DMA_SetConfig     stm32f2xx_hal_dma.o
    0x0800045a   0x00000002   PAD
    0x0800045c   0x00000030   Code   RO            4    i.FATFS_LinkDriver  ff_gen_drv.o
    0x0800048c   0x000001ec   Code   RO          951    i.HAL_ADC_ConfigChannel  stm32f2xx_hal_adc.o
    0x08000678   0x00000006   Code   RO          958    i.HAL_ADC_GetValue  stm32f2xx_hal_adc.o
    0x0800067e   0x00000002   PAD
    0x08000680   0x000001d0   Code   RO          960    i.HAL_ADC_Init      stm32f2xx_hal_adc.o
    0x08000850   0x000000ac   Code   RO         4483    i.HAL_ADC_MspInit   adc.o
    0x080008fc   0x00000048   Code   RO          964    i.HAL_ADC_PollForConversion  stm32f2xx_hal_adc.o
    0x08000944   0x000000e4   Code   RO          966    i.HAL_ADC_Start     stm32f2xx_hal_adc.o
    0x08000a28   0x0000027c   Code   RO         2028    i.HAL_DMA_Init      stm32f2xx_hal_dma.o
    0x08000ca4   0x000000c8   Code   RO         2031    i.HAL_DMA_Start_IT  stm32f2xx_hal_dma.o
    0x08000d6c   0x00000304   Code   RO         3033    i.HAL_GPIO_Init     stm32f2xx_hal_gpio.o
    0x08001070   0x000000b8   Code   RO         3036    i.HAL_GPIO_WritePin  stm32f2xx_hal_gpio.o
    0x08001128   0x0000000c   Code   RO         2497    i.HAL_GetTick       stm32f2xx_hal.o
    0x08001134   0x000001fc   Code   RO         1495    i.HAL_I2C_Init      stm32f2xx_hal_i2c.o
    0x08001330   0x00000098   Code   RO         4056    i.HAL_I2C_MspInit   i2c.o
    0x080013c8   0x000000bc   Code   RO          724    i.HAL_IWDG_Init     stm32f2xx_hal_iwdg.o
    0x08001484   0x00000002   Code   RO         4303    i.HAL_IWDG_MspInit  iwdg.o
    0x08001486   0x00000002   PAD
    0x08001488   0x00000010   Code   RO         2498    i.HAL_IncTick       stm32f2xx_hal.o
    0x08001498   0x00000038   Code   RO         2499    i.HAL_Init          stm32f2xx_hal.o
    0x080014d0   0x00000016   Code   RO         4221    i.HAL_MspInit       stm32f2xx_hal_msp.o
    0x080014e6   0x00000016   Code   RO         2281    i.HAL_NVIC_EnableIRQ  stm32f2xx_hal_cortex.o
    0x080014fc   0x000000a0   Code   RO         2287    i.HAL_NVIC_SetPriority  stm32f2xx_hal_cortex.o
    0x0800159c   0x00000080   Code   RO         2288    i.HAL_NVIC_SetPriorityGrouping  stm32f2xx_hal_cortex.o
    0x0800161c   0x000001b4   Code   RO         3804    i.HAL_RCCEx_PeriphCLKConfig  stm32f2xx_hal_rcc_ex.o
    0x080017d0   0x00000320   Code   RO          768    i.HAL_RCC_ClockConfig  stm32f2xx_hal_rcc.o
    0x08001af0   0x00000034   Code   RO          773    i.HAL_RCC_GetHCLKFreq  stm32f2xx_hal_rcc.o
    0x08001b24   0x0000002c   Code   RO          775    i.HAL_RCC_GetPCLK1Freq  stm32f2xx_hal_rcc.o
    0x08001b50   0x00000084   Code   RO          777    i.HAL_RCC_GetSysClockFreq  stm32f2xx_hal_rcc.o
    0x08001bd4   0x00000444   Code   RO          780    i.HAL_RCC_OscConfig  stm32f2xx_hal_rcc.o
    0x08002018   0x00000002   Code   RO         1112    i.HAL_RTCEx_AlarmBEventCallback  stm32f2xx_hal_rtc_ex.o
    0x0800201a   0x00000038   Code   RO         1127    i.HAL_RTCEx_SetCalibrationOutPut  stm32f2xx_hal_rtc_ex.o
    0x08002052   0x00000002   Code   RO         2897    i.HAL_RTC_AlarmAEventCallback  stm32f2xx_hal_rtc.o
    0x08002054   0x0000005c   Code   RO         2898    i.HAL_RTC_AlarmIRQHandler  stm32f2xx_hal_rtc.o
    0x080020b0   0x00000140   Code   RO         2905    i.HAL_RTC_Init      stm32f2xx_hal_rtc.o
    0x080021f0   0x00000030   Code   RO         4184    i.HAL_RTC_MspInit   rtc.o
    0x08002220   0x00000324   Code   RO         2910    i.HAL_RTC_SetAlarm_IT  stm32f2xx_hal_rtc.o
    0x08002544   0x000001ac   Code   RO         2911    i.HAL_RTC_SetDate   stm32f2xx_hal_rtc.o
    0x080026f0   0x0000020c   Code   RO         2912    i.HAL_RTC_SetTime   stm32f2xx_hal_rtc.o
    0x080028fc   0x00000030   Code   RO         2913    i.HAL_RTC_WaitForSynchro  stm32f2xx_hal_rtc.o
    0x0800292c   0x0000005e   Code   RO         2663    i.HAL_SD_CheckReadOperation  stm32f2xx_hal_sd.o
    0x0800298a   0x0000006c   Code   RO         2664    i.HAL_SD_CheckWriteOperation  stm32f2xx_hal_sd.o
    0x080029f6   0x00000002   Code   RO         2665    i.HAL_SD_DMA_RxCpltCallback  stm32f2xx_hal_sd.o
    0x080029f8   0x00000002   Code   RO         2666    i.HAL_SD_DMA_RxErrorCallback  stm32f2xx_hal_sd.o
    0x080029fa   0x00000002   Code   RO         2667    i.HAL_SD_DMA_TxCpltCallback  stm32f2xx_hal_sd.o
    0x080029fc   0x00000002   Code   RO         2668    i.HAL_SD_DMA_TxErrorCallback  stm32f2xx_hal_sd.o
    0x080029fe   0x00000072   Code   RO         2671    i.HAL_SD_GetCardStatus  stm32f2xx_hal_sd.o
    0x08002a70   0x0000004e   Code   RO         2672    i.HAL_SD_GetStatus  stm32f2xx_hal_sd.o
    0x08002abe   0x0000029c   Code   RO         2673    i.HAL_SD_Get_CardInfo  stm32f2xx_hal_sd.o
    0x08002d5a   0x0000009e   Code   RO         2676    i.HAL_SD_Init       stm32f2xx_hal_sd.o
    0x08002df8   0x000000a0   Code   RO         4242    i.HAL_SD_MspInit    sdio.o
    0x08002e98   0x000000f0   Code   RO         2680    i.HAL_SD_ReadBlocks_DMA  stm32f2xx_hal_sd.o
    0x08002f88   0x00000128   Code   RO         2681    i.HAL_SD_SendSDStatus  stm32f2xx_hal_sd.o
    0x080030b0   0x0000002c   Code   RO         2682    i.HAL_SD_StopTransfer  stm32f2xx_hal_sd.o
    0x080030dc   0x0000005c   Code   RO         2683    i.HAL_SD_WideBusOperation_Config  stm32f2xx_hal_sd.o
    0x08003138   0x000000f4   Code   RO         2685    i.HAL_SD_WriteBlocks_DMA  stm32f2xx_hal_sd.o
    0x0800322c   0x000001a0   Code   RO         2100    i.HAL_SPI_Init      stm32f2xx_hal_spi.o
    0x080033cc   0x00000040   Code   RO         4407    i.HAL_SPI_MspInit   spi.o
    0x0800340c   0x00000002   Code   RO         2291    i.HAL_SYSTICK_Callback  stm32f2xx_hal_cortex.o
    0x0800340e   0x00000028   Code   RO         2292    i.HAL_SYSTICK_Config  stm32f2xx_hal_cortex.o
    0x08003436   0x00000008   Code   RO         2293    i.HAL_SYSTICK_IRQHandler  stm32f2xx_hal_cortex.o
    0x0800343e   0x00000002   PAD
    0x08003440   0x00000138   Code   RO         1805    i.HAL_TIMEx_MasterConfigSynchronization  stm32f2xx_hal_tim_ex.o
    0x08003578   0x00000130   Code   RO         3189    i.HAL_TIM_Base_Init  stm32f2xx_hal_tim.o
    0x080036a8   0x00000070   Code   RO         4106    i.HAL_TIM_Base_MspInit  tim.o
    0x08003718   0x000002a4   Code   RO         3222    i.HAL_TIM_IC_ConfigChannel  stm32f2xx_hal_tim.o
    0x080039bc   0x00000134   Code   RO         3225    i.HAL_TIM_IC_Init   stm32f2xx_hal_tim.o
    0x08003af0   0x00000002   Code   RO         3227    i.HAL_TIM_IC_MspInit  stm32f2xx_hal_tim.o
    0x08003af2   0x00000002   PAD
    0x08003af4   0x00000158   Code   RO         3251    i.HAL_TIM_OnePulse_Init  stm32f2xx_hal_tim.o
    0x08003c4c   0x00000002   Code   RO         3253    i.HAL_TIM_OnePulse_MspInit  stm32f2xx_hal_tim.o
    0x08003c4e   0x00000002   PAD
    0x08003c50   0x000003ec   Code   RO         3273    i.HAL_TIM_SlaveConfigSynchronization  stm32f2xx_hal_tim.o
    0x0800403c   0x000000b8   Code   RO          875    i.HAL_WWDG_Init     stm32f2xx_hal_wwdg.o
    0x080040f4   0x0000001c   Code   RO         4445    i.HAL_WWDG_MspInit  wwdg.o
    0x08004110   0x0000003c   Code   RO         4484    i.MX_ADC1_Init      adc.o
    0x0800414c   0x0000003c   Code   RO         4485    i.MX_ADC2_Init      adc.o
    0x08004188   0x0000003c   Code   RO         4486    i.MX_ADC3_Init      adc.o
    0x080041c4   0x00000018   Code   RO         4143    i.MX_DMA_Init       dma.o
    0x080041dc   0x00000174   Code   RO         4163    i.MX_GPIO_Init      gpio.o
    0x08004350   0x00000030   Code   RO         4057    i.MX_I2C2_Init      i2c.o
    0x08004380   0x00000030   Code   RO         4058    i.MX_I2C3_Init      i2c.o
    0x080043b0   0x0000001c   Code   RO         4304    i.MX_IWDG_Init      iwdg.o
    0x080043cc   0x00000088   Code   RO         4185    i.MX_RTC_Init       rtc.o
    0x08004454   0x00000020   Code   RO         4243    i.MX_SDIO_SD_Init   sdio.o
    0x08004474   0x00000030   Code   RO         4408    i.MX_SPI1_Init      spi.o
    0x080044a4   0x00000064   Code   RO         4107    i.MX_TIM1_Init      tim.o
    0x08004508   0x00000002   Code   RO         4280    i.MX_USB_OTG_FS_USB_Init  usb_otg.o
    0x0800450a   0x00000002   PAD
    0x0800450c   0x0000001c   Code   RO         4446    i.MX_WWDG_Init      wwdg.o
    0x08004528   0x00000020   Code   RO         2294    i.NVIC_SetPriority  stm32f2xx_hal_cortex.o
    0x08004548   0x0000000c   Code   RO         3921    i.RTC_Alarm_IRQHandler  stm32f2xx_it.o
    0x08004554   0x00000012   Code   RO         2914    i.RTC_Bcd2ToByte    stm32f2xx_hal_rtc.o
    0x08004566   0x00000016   Code   RO         2915    i.RTC_ByteToBcd2    stm32f2xx_hal_rtc.o
    0x0800457c   0x00000034   Code   RO         2916    i.RTC_EnterInitMode  stm32f2xx_hal_rtc.o
    0x080045b0   0x000000f4   Code   RO         2392    i.SDIO_DataConfig   stm32f2xx_ll_sdmmc.o
    0x080046a4   0x00000006   Code   RO         2393    i.SDIO_GetCommandResponse  stm32f2xx_ll_sdmmc.o
    0x080046aa   0x00000008   Code   RO         2396    i.SDIO_GetPowerState  stm32f2xx_ll_sdmmc.o
    0x080046b2   0x00000002   PAD
    0x080046b4   0x0000006c   Code   RO         2397    i.SDIO_GetResponse  stm32f2xx_ll_sdmmc.o
    0x08004720   0x000000f4   Code   RO         2398    i.SDIO_Init         stm32f2xx_ll_sdmmc.o
    0x08004814   0x00000008   Code   RO         2400    i.SDIO_PowerState_ON  stm32f2xx_ll_sdmmc.o
    0x0800481c   0x00000006   Code   RO         2401    i.SDIO_ReadFIFO     stm32f2xx_ll_sdmmc.o
    0x08004822   0x00000002   PAD
    0x08004824   0x000000b8   Code   RO         2402    i.SDIO_SendCommand  stm32f2xx_ll_sdmmc.o
    0x080048dc   0x000000ec   Code   RO         2688    i.SD_CmdResp1Error  stm32f2xx_hal_sd.o
    0x080049c8   0x0000002e   Code   RO         2689    i.SD_CmdResp2Error  stm32f2xx_hal_sd.o
    0x080049f6   0x00000072   Code   RO         2690    i.SD_CmdResp6Error  stm32f2xx_hal_sd.o
    0x08004a68   0x00000040   Code   RO         2691    i.SD_CmdResp7Error  stm32f2xx_hal_sd.o
    0x08004aa8   0x00000016   Code   RO         2692    i.SD_DMA_RxCplt     stm32f2xx_hal_sd.o
    0x08004abe   0x0000000c   Code   RO         2693    i.SD_DMA_RxError    stm32f2xx_hal_sd.o
    0x08004aca   0x00000016   Code   RO         2694    i.SD_DMA_TxCplt     stm32f2xx_hal_sd.o
    0x08004ae0   0x0000000c   Code   RO         2695    i.SD_DMA_TxError    stm32f2xx_hal_sd.o
    0x08004aec   0x0000010a   Code   RO         2696    i.SD_FindSCR        stm32f2xx_hal_sd.o
    0x08004bf6   0x000000dc   Code   RO         2697    i.SD_Initialize_Cards  stm32f2xx_hal_sd.o
    0x08004cd2   0x00000002   PAD
    0x08004cd4   0x00000170   Code   RO         2699    i.SD_PowerON        stm32f2xx_hal_sd.o
    0x08004e44   0x00000072   Code   RO         2700    i.SD_WideBus_Disable  stm32f2xx_hal_sd.o
    0x08004eb6   0x00000074   Code   RO         2701    i.SD_WideBus_Enable  stm32f2xx_hal_sd.o
    0x08004f2a   0x00000002   PAD
    0x08004f2c   0x00000020   Code   RO          160    i.SD_initialize     sd_diskio.o
    0x08004f4c   0x00000050   Code   RO          161    i.SD_ioctl          sd_diskio.o
    0x08004f9c   0x00000088   Code   RO          162    i.SD_read           sd_diskio.o
    0x08005024   0x00000020   Code   RO          163    i.SD_status         sd_diskio.o
    0x08005044   0x00000088   Code   RO          164    i.SD_write          sd_diskio.o
    0x080050cc   0x0000000e   Code   RO         3922    i.SysTick_Handler   stm32f2xx_it.o
    0x080050da   0x00000054   Code   RO         4335    i.SystemClock_Config  main.o
    0x0800512e   0x00000002   PAD
    0x08005130   0x00000048   Code   RO          692    i.SystemInit        system_stm32f2xx.o
    0x08005178   0x000000c0   Code   RO         3275    i.TIM_Base_SetConfig  stm32f2xx_hal_tim.o
    0x08005238   0x00000014   Code   RO         3279    i.TIM_ETR_SetConfig  stm32f2xx_hal_tim.o
    0x0800524c   0x00000022   Code   RO         3285    i.TIM_TI1_ConfigInputStage  stm32f2xx_hal_tim.o
    0x0800526e   0x00000002   PAD
    0x08005270   0x00000080   Code   RO         3286    i.TIM_TI1_SetConfig  stm32f2xx_hal_tim.o
    0x080052f0   0x00000024   Code   RO         3287    i.TIM_TI2_ConfigInputStage  stm32f2xx_hal_tim.o
    0x08005314   0x0000002c   Code   RO         3288    i.TIM_TI2_SetConfig  stm32f2xx_hal_tim.o
    0x08005340   0x0000000e   Code   RO         4594    i.__scatterload_copy  mc_w.l(handlers.o)
    0x0800534e   0x00000002   Code   RO         4595    i.__scatterload_null  mc_w.l(handlers.o)
    0x08005350   0x0000000e   Code   RO         4596    i.__scatterload_zeroinit  mc_w.l(handlers.o)
    0x0800535e   0x00000002   Code   RO         4336    i.assert_failed     main.o
    0x08005360   0x00000160   Code   RO         4337    i.main              main.o
    0x080054c0   0x00000010   Data   RO          781    .constdata          stm32f2xx_hal_rcc.o
    0x080054d0   0x00000020   Data   RO         4592    Region$$Table       anon$$obj.o


    Execution Region RW_IRAM1 (Base: 0x20000000, Size: 0x00000850, Max: 0x00020000, ABSOLUTE)

    Base Addr    Size         Type   Attr      Idx    E Section Name        Object

    0x20000000   0x00000008   Data   RW            6    .data               ff_gen_drv.o
    0x20000008   0x00000001   Data   RW          165    .data               sd_diskio.o
    0x20000009   0x00000003   PAD
    0x2000000c   0x00000014   Data   RW          166    .data               sd_diskio.o
    0x20000020   0x00000014   Data   RW          693    .data               system_stm32f2xx.o
    0x20000034   0x00000004   Data   RW         2502    .data               stm32f2xx_hal.o
    0x20000038   0x00000005   Data   RW         4338    .data               main.o
    0x2000003d   0x00000003   PAD
    0x20000040   0x000000c0   Zero   RW         4059    .bss                i2c.o
    0x20000100   0x0000008c   Zero   RW         4108    .bss                tim.o
    0x2000018c   0x00000020   Zero   RW         4186    .bss                rtc.o
    0x200001ac   0x000000b0   Zero   RW         4244    .bss                sdio.o
    0x2000025c   0x00000004   PAD
    0x20000260   0x00000058   Zero   RW         4245    .bss                sdio.o
    0x200002b8   0x00000010   Zero   RW         4305    .bss                iwdg.o
    0x200002c8   0x00000054   Zero   RW         4409    .bss                spi.o
    0x2000031c   0x00000014   Zero   RW         4447    .bss                wwdg.o
    0x20000330   0x0000011c   Zero   RW         4487    .bss                adc.o
    0x2000044c   0x00000004   PAD
    0x20000450   0x00000400   Zero   RW         4530    STACK               startup_stm32f207xx.o


==============================================================================

Image component sizes


      Code (inc. data)   RO Data    RW Data    ZI Data      Debug   Object Name

       352         54          0          0        284       2809   adc.o
       200         26          0          0          0       3454   bsp_driver_sd.o
        24          4          0          0          0        434   dma.o
        48          4          0          8          0     394994   ff_gen_drv.o
       372         42          0          0          0        707   gpio.o
       248         56          0          0        192       2179   i2c.o
        30          8          0          0         16       1406   iwdg.o
       438         24          0          5          0       2908   main.o
       184         18          0          0         32       1663   rtc.o
       416         26          0         21          0      26432   sd_diskio.o
       192         36          0          0        264       1698   sdio.o
       112         20          0          0         84       1557   spi.o
        36          8        392          0       1024        920   startup_stm32f207xx.o
        84         18          0          4          0       2991   stm32f2xx_hal.o
      1626        258          0          0          0       4742   stm32f2xx_hal_adc.o
       392        136          0          0          0      28351   stm32f2xx_hal_cortex.o
       866        126          0          0          0       2678   stm32f2xx_hal_dma.o
       956        198          0          0          0       3216   stm32f2xx_hal_gpio.o
       508         80          0          0          0       1983   stm32f2xx_hal_i2c.o
       188         62          0          0          0       1116   stm32f2xx_hal_iwdg.o
        22          0          0          0          0        494   stm32f2xx_hal_msp.o
      2120        180         16          0          0      29555   stm32f2xx_hal_rcc.o
       436         82          0          0          0       1368   stm32f2xx_hal_rcc_ex.o
      2310        254          0          0          0       7994   stm32f2xx_hal_rtc.o
        58          0          0          0          0       1673   stm32f2xx_hal_rtc_ex.o
      3756         48          0          0          0      25291   stm32f2xx_hal_sd.o
       416         58          0          0          0       1243   stm32f2xx_hal_spi.o
      3094        612          0          0          0      10239   stm32f2xx_hal_tim.o
       312         98          0          0          0       1220   stm32f2xx_hal_tim_ex.o
       184         60          0          0          0       1120   stm32f2xx_hal_wwdg.o
        26          6          0          0          0        953   stm32f2xx_it.o
       808        252          0          0          0       5504   stm32f2xx_ll_sdmmc.o
        72         18          0         20          0       1417   system_stm32f2xx.o
       212         28          0          0        140       1820   tim.o
         2          0          0          0          0        453   usb_otg.o
        56         16          0          0         20       1434   wwdg.o

    ----------------------------------------------------------------------
     21182       2916        440         64       2064     578016   Object Totals
         0          0         32          0          0          0   (incl. Generated)
        26          0          0          6          8          0   (incl. Padding)

    ----------------------------------------------------------------------

      Code (inc. data)   RO Data    RW Data    ZI Data      Debug   Library Member Name

         0          0          0          0          0          0   entry.o
         0          0          0          0          0          0   entry10a.o
         0          0          0          0          0          0   entry11a.o
         8          4          0          0          0          0   entry2.o
         4          0          0          0          0          0   entry5.o
         0          0          0          0          0          0   entry7b.o
         0          0          0          0          0          0   entry8b.o
         8          4          0          0          0          0   entry9a.o
        30          0          0          0          0          0   handlers.o
        36          8          0          0          0         68   init.o
        36          0          0          0          0         68   memcpya.o

    ----------------------------------------------------------------------
       122         16          0          0          0        136   Library Totals
         0          0          0          0          0          0   (incl. Padding)

    ----------------------------------------------------------------------

      Code (inc. data)   RO Data    RW Data    ZI Data      Debug   Library Name

       122         16          0          0          0        136   mc_w.l

    ----------------------------------------------------------------------
       122         16          0          0          0        136   Library Totals

    ----------------------------------------------------------------------

==============================================================================


      Code (inc. data)   RO Data    RW Data    ZI Data      Debug   

     21304       2932        440         64       2064     571648   Grand Totals
     21304       2932        440         64       2064     571648   ELF Image Totals
     21304       2932        440         64          0          0   ROM Totals

==============================================================================

    Total RO  Size (Code + RO Data)                21744 (  21.23kB)
    Total RW  Size (RW Data + ZI Data)              2128 (   2.08kB)
    Total ROM Size (Code + RO Data + RW Data)      21808 (  21.30kB)

==============================================================================

